Component: ARM Compiler 5.05 update 2 (build 169) Tool: armlink [4d0f33]

==============================================================================

Section Cross References

    main.o(.text) refers to _printf_pad.o(.text) for _printf_pre_padding
    main.o(.text) refers to _printf_percent.o(.ARM.Collect$$_printf_percent$$00000000) for _printf_percent
    main.o(.text) refers to _printf_d.o(.ARM.Collect$$_printf_percent$$00000009) for _printf_d
    main.o(.text) refers to _printf_dec.o(.text) for _printf_int_dec
    main.o(.text) refers to timer.o(.text) for TIM3_Int_Init
    main.o(.text) refers to usart3.o(.text) for usart3_init
    main.o(.text) refers to rt_memclr.o(.text) for __aeabi_memclr
    main.o(.text) refers to gizwits_protocol.o(.text) for gizwitsInit
    main.o(.text) refers to oled.o(.text) for GUI_DrawFont16
    main.o(.text) refers to noretval__2sprintf.o(.text) for __2sprintf
    main.o(.text) refers to noretval__2printf.o(.text) for __2printf
    main.o(.text) refers to usart.o(.text) for uart_init
    main.o(.text) refers to delay.o(.text) for delay_init
    main.o(.text) refers to misc.o(.text) for NVIC_PriorityGroupConfig
    main.o(.text) refers to buj.o(.text) for BUJ_Init
    main.o(.text) refers to led.o(.text) for LED_Init
    main.o(.text) refers to key.o(.text) for KEY_Init
    main.o(.text) refers to hx711.o(.text) for HX711_Init
    main.o(.text) refers to jr6001.o(.text) for JR6001_Init
    main.o(.text) refers to stime.o(.text) for SYS_Timestamp_Init
    main.o(.text) refers to stm32f10x.o(.text) for progress_bar
    main.o(.text) refers to hc05.o(.text) for TIM1_PWM_Init
    main.o(.text) refers to dfixu.o(x$fpl$dfixu) for __aeabi_d2uiz
    main.o(.text) refers to dflt_clz.o(x$fpl$dfltu) for __aeabi_ui2d
    main.o(.text) refers to ddiv.o(x$fpl$ddiv) for __aeabi_ddiv
    main.o(.text) refers to d2f.o(x$fpl$d2f) for __aeabi_d2f
    main.o(.text) refers to ffix.o(x$fpl$ffix) for __aeabi_f2iz
    main.o(.text) refers to dmul.o(x$fpl$dmul) for __aeabi_dmul
    main.o(.text) refers to sysset.o(.text) for SYS_Set
    main.o(.text) refers to main.o(.bss) for currentDataPoint
    main.o(.text) refers to main.o(.data) for app_mode
    main.o(.text) refers to key.o(.data) for Key_Value
    main.o(.text) refers to hx711.o(.data) for hx711_wg
    main.o(.text) refers to hc05.o(.data) for TIM2CH1_CAPTURE_STA
    main.o(.text) refers to stime.o(.data) for NOW_timestamp
    main.o(.text) refers to buj.o(.data) for BUJ_Mode
    main.o(.text) refers to stime.o(.bss) for calendar
    system_stm32f10x.o(.text) refers to system_stm32f10x.o(.data) for SystemCoreClock
    led.o(.text) refers to stm32f10x_rcc.o(.text) for RCC_APB2PeriphClockCmd
    led.o(.text) refers to stm32f10x_gpio.o(.text) for GPIO_Init
    key.o(.text) refers to stm32f10x_rcc.o(.text) for RCC_APB2PeriphClockCmd
    key.o(.text) refers to stm32f10x_gpio.o(.text) for GPIO_Init
    key.o(.text) refers to delay.o(.text) for delay_ms
    key.o(.text) refers to key.o(.data) for key_up
    oled.o(.text) refers to stm32f10x_gpio.o(.text) for GPIO_SetBits
    oled.o(.text) refers to oled.o(.constdata) for tfont16
    oled.o(.text) refers to oled.o(.bss) for OLED_GRAM
    oled.o(.text) refers to strlen.o(.text) for strlen
    oled.o(.text) refers to stm32f10x.o(.text) for OLED_ONONE_SHOW
    oled.o(.text) refers to dleqf.o(x$fpl$dleqf) for __aeabi_cdcmple
    oled.o(.text) refers to dfix.o(x$fpl$dfix) for __aeabi_d2iz
    oled.o(.text) refers to dflt_clz.o(x$fpl$dflt) for __aeabi_i2d
    oled.o(.text) refers to daddsub_clz.o(x$fpl$drsb) for __aeabi_drsub
    oled.o(.text) refers to dmul.o(x$fpl$dmul) for __aeabi_dmul
    oled.o(.text) refers to dfixu.o(x$fpl$dfixu) for __aeabi_d2uiz
    oled.o(.text) refers to dflt_clz.o(x$fpl$dfltu) for __aeabi_ui2d
    oled.o(.text) refers to stm32f10x_rcc.o(.text) for RCC_APB2PeriphClockCmd
    oled.o(.text) refers to delay.o(.text) for delay_ms
    oled.o(.text) refers to oled.o(.data) for Hzk
    adc.o(.text) refers to _printf_percent.o(.ARM.Collect$$_printf_percent$$00000000) for _printf_percent
    adc.o(.text) refers to _printf_d.o(.ARM.Collect$$_printf_percent$$00000009) for _printf_d
    adc.o(.text) refers to _printf_dec.o(.text) for _printf_int_dec
    adc.o(.text) refers to stm32f10x_rcc.o(.text) for RCC_APB2PeriphClockCmd
    adc.o(.text) refers to stm32f10x_gpio.o(.text) for GPIO_Init
    adc.o(.text) refers to stm32f10x_adc.o(.text) for ADC_DeInit
    adc.o(.text) refers to noretval__2printf.o(.text) for __2printf
    adc.o(.text) refers to adc.o(.data) for i
    adc.o(.text) refers to adc.o(.bss) for AD_Val_LB
    usart3.o(.text) refers to stm32f10x_usart.o(.text) for USART_GetITStatus
    usart3.o(.text) refers to gizwits_protocol.o(.text) for gizPutData
    usart3.o(.text) refers to stm32f10x_rcc.o(.text) for RCC_APB2PeriphClockCmd
    usart3.o(.text) refers to stm32f10x_gpio.o(.text) for GPIO_Init
    usart3.o(.text) refers to misc.o(.text) for NVIC_Init
[...]
    __rt_entry_sh                            0x08000215   Thumb Code     0  __rtentry4.o(.ARM.Collect$$rtentry$$00000004)
    __rt_entry_li                            0x0800021b   Thumb Code     0  __rtentry2.o(.ARM.Collect$$rtentry$$0000000A)
    __rt_entry_postsh_1                      0x0800021b   Thumb Code     0  __rtentry2.o(.ARM.Collect$$rtentry$$00000009)
    __rt_entry_main                          0x0800021f   Thumb Code     0  __rtentry2.o(.ARM.Collect$$rtentry$$0000000D)
    __rt_entry_postli_1                      0x0800021f   Thumb Code     0  __rtentry2.o(.ARM.Collect$$rtentry$$0000000C)
    __rt_exit                                0x08000227   Thumb Code     0  rtexit.o(.ARM.Collect$$rtexit$$00000000)
    __rt_exit_ls                             0x08000229   Thumb Code     0  rtexit2.o(.ARM.Collect$$rtexit$$00000003)
    __rt_exit_prels_1                        0x08000229   Thumb Code     0  rtexit2.o(.ARM.Collect$$rtexit$$00000002)
    __rt_exit_exit                           0x0800022d   Thumb Code     0  rtexit2.o(.ARM.Collect$$rtexit$$00000004)
    Gizwits_Init                             0x08000235   Thumb Code    34  main.o(.text)
    userHandle                               0x08000257   Thumb Code    70  main.o(.text)
    display3                                 0x0800029d   Thumb Code    64  main.o(.text)
    display2                                 0x080002dd   Thumb Code    74  main.o(.text)
    WIFI_Contection                          0x08000327   Thumb Code    22  main.o(.text)
    main                                     0x0800033d   Thumb Code   968  main.o(.text)
    display1                                 0x08000705   Thumb Code    40  main.o(.text)
    NMI_Handler                              0x08000739   Thumb Code     2  stm32f10x_it.o(.text)
    HardFault_Handler                        0x0800073b   Thumb Code     4  stm32f10x_it.o(.text)
    MemManage_Handler                        0x0800073f   Thumb Code     4  stm32f10x_it.o(.text)
    BusFault_Handler                         0x08000743   Thumb Code     4  stm32f10x_it.o(.text)
    UsageFault_Handler                       0x08000747   Thumb Code     4  stm32f10x_it.o(.text)
    SVC_Handler                              0x0800074b   Thumb Code     2  stm32f10x_it.o(.text)
    DebugMon_Handler                         0x0800074d   Thumb Code     2  stm32f10x_it.o(.text)
    PendSV_Handler                           0x0800074f   Thumb Code     2  stm32f10x_it.o(.text)
    SysTick_Handler                          0x08000751   Thumb Code     2  stm32f10x_it.o(.text)
    SystemInit                               0x08000833   Thumb Code    78  system_stm32f10x.o(.text)
    SystemCoreClockUpdate                    0x08000881   Thumb Code   142  system_stm32f10x.o(.text)
    LED_Init                                 0x08000935   Thumb Code    76  led.o(.text)
    KEY_Init                                 0x08000991   Thumb Code    96  key.o(.text)
    KEY_Scan                                 0x080009f1   Thumb Code   184  key.o(.text)
    OLED_IIC_Start                           0x08000ab5   Thumb Code    44  oled.o(.text)
    OLED_IIC_Stop                            0x08000ae1   Thumb Code    34  oled.o(.text)
    OLED_IIC_Wait_Ack                        0x08000b03   Thumb Code    24  oled.o(.text)
    OLED_Write_IIC_Byte                      0x08000b1b   Thumb Code    88  oled.o(.text)
    OLED_Write_IIC_Command                   0x08000b73   Thumb Code    44  oled.o(.text)
    OLED_Write_IIC_Data                      0x08000b9f   Thumb Code    44  oled.o(.text)
    OLED_WR_Byte                             0x08000bcb   Thumb Code    24  oled.o(.text)
    OLED_ShowCH1                             0x08000be3   Thumb Code    76  oled.o(.text)
    OLED_ShowCH2                             0x08000c2f   Thumb Code    84  oled.o(.text)
    fill_picture                             0x08000c83   Thumb Code    64  oled.o(.text)
    Delay_50ms                               0x08000cc3   Thumb Code    22  oled.o(.text)
    Delay_1ms                                0x08000cd9   Thumb Code    26  oled.o(.text)
    OLED_Set_Pos                             0x08000cf3   Thumb Code    40  oled.o(.text)
    OLED_Display_On                          0x08000d1b   Thumb Code    28  oled.o(.text)
    OLED_Display_Off                         0x08000d37   Thumb Code    28  oled.o(.text)
    OLED_Clear                               0x08000d53   Thumb Code    62  oled.o(.text)
    OLED_On                                  0x08000d91   Thumb Code    62  oled.o(.text)
    OLED_Show_Pos                            0x08000dcf   Thumb Code    88  oled.o(.text)
    OLED_DrawPoint                           0x08000e27   Thumb Code   178  oled.o(.text)
    OLED_Refresh_Gram                        0x08000ed9   Thumb Code    68  oled.o(.text)
    OLED_Fill                                0x08000f1d   Thumb Code    58  oled.o(.text)
    OLED_ShowChar                            0x08000f57   Thumb Code   154  oled.o(.text)
    oled_pow                                 0x08000ff1   Thumb Code    22  oled.o(.text)
    OLED_ShowNumber                          0x08001007   Thumb Code   136  oled.o(.text)
    OLED_ShowString                          0x0800108f   Thumb Code    54  oled.o(.text)
    GUI_DrawFont16                           0x080010c5   Thumb Code   156  oled.o(.text)
    OLED_DrawBMP                             0x08001161   Thumb Code   118  oled.o(.text)
    OLED_Float                               0x080011d7   Thumb Code   466  oled.o(.text)
    OLED_Float2                              0x080013a9   Thumb Code   356  oled.o(.text)
    OLED_Num_write                           0x0800150d   Thumb Code    62  oled.o(.text)
    OLED_fuhao_write                         0x0800154b   Thumb Code    58  oled.o(.text)
    OLED_Num2                                0x08001585   Thumb Code   156  oled.o(.text)
    OLED_Num3                                0x08001621   Thumb Code   200  oled.o(.text)
    OLED_Num4                                0x080016e9   Thumb Code   134  oled.o(.text)
    OLED_Num5                                0x0800176f   Thumb Code   162  oled.o(.text)
    OLED_Init                                0x08001811   Thumb Code   282  oled.o(.text)
    OLED_ShowCHinese                         0x0800192b   Thumb Code    98  oled.o(.text)
    USART3_IRQHandler                        0x08001999   Thumb Code    34  usart3.o(.text)
    usart3_init                              0x080019bb   Thumb Code   166  usart3.o(.text)
    TIM3_Int_Init                            0x08001a69   Thumb Code    90  timer.o(.text)
    TIM3_IRQHandler                          0x08001ac3   Thumb Code    26  timer.o(.text)
    TIM4_Int_Init                            0x08001ae1   Thumb Code    90  buj.o(.text)
    TIM4_IRQHandler                          0x08001b3b   Thumb Code   214  buj.o(.text)
    BUJ_Init                                 0x08001c11   Thumb Code   132  buj.o(.text)
    Is_Leap_Year                             0x08001cc1   Thumb Code    58  stime.o(.text)
    RTC_Set                                  0x08001cfb   Thumb Code   184  stime.o(.text)
    RTC_Get_Week                             0x08001db3   Thumb Code   116  stime.o(.text)
    SYS_Timestamp_Init                       0x08001e27   Thumb Code   132  stime.o(.text)
    Set_Systime                              0x08001eab   Thumb Code   286  stime.o(.text)
    Set_timing_time                          0x08001fc9   Thumb Code   614  stime.o(.text)
    display_time                             0x0800222f   Thumb Code   106  stime.o(.text)
    SYS_Set                                  0x080022d9   Thumb Code   126  sysset.o(.text)
    display_sysmode                          0x08002357   Thumb Code    58  sysset.o(.text)
    HX711_Read                               0x080023b5   Thumb Code   160  hx711.o(.text)
    Get_Maopi                                0x08002455   Thumb Code    54  hx711.o(.text)
    HX711_Init                               0x0800248b   Thumb Code    72  hx711.o(.text)
    Get_Weight                               0x080024d3   Thumb Code   100  hx711.o(.text)
    JR6001_SendCode                          0x08002559   Thumb Code   112  jr6001.o(.text)
    JR6001_Volumecontrol                     0x080025c9   Thumb Code    28  jr6001.o(.text)
    JR6001_Init                              0x080025e5   Thumb Code   158  jr6001.o(.text)
    JR6001_Instruction                       0x08002683   Thumb Code    30  jr6001.o(.text)
    JR6001_SongControl                       0x080026a1   Thumb Code    78  jr6001.o(.text)
    RTC_Time_Get                             0x08002731   Thumb Code   244  dtime.o(.text)
    TIM1_PWM_Init                            0x08002839   Thumb Code   144  hc05.o(.text)
    TIM2_Cap_Init                            0x080028c9   Thumb Code   186  hc05.o(.text)
    TIM2_IRQHandler                          0x08002983   Thumb Code   186  hc05.o(.text)
    Wave_SRD_Strat                           0x08002a3d   Thumb Code    26  hc05.o(.text)
    _sys_exit                                0x08002a6d   Thumb Code     6  usart.o(.text)
    fputc                                    0x08002a73   Thumb Code    24  usart.o(.text)
    uart_init                                0x08002a8b   Thumb Code   152  usart.o(.text)
    USART1_IRQHandler                        0x08002b23   Thumb Code    24  usart.o(.text)
    Reset_Handler                            0x08002b45   Thumb Code     8  startup_stm32f10x_hd.o(.text)
    ADC1_2_IRQHandler                        0x08002b5f   Thumb Code     0  startup_stm32f10x_hd.o(.text)
    ADC3_IRQHandler                          0x08002b5f   Thumb Code     0  startup_stm32f10x_hd.o(.text)
    CAN1_RX1_IRQHandler                      0x08002b5f   Thumb Code     0  startup_stm32f10x_hd.o(.text)
    CAN1_SCE_IRQHandler                      0x08002b5f   Thumb Code     0  startup_stm32f10x_hd.o(.text)
    DMA1_Channel1_IRQHandler                 0x08002b5f   Thumb Code     0  startup_stm32f10x_hd.o(.text)
    DMA1_Channel2_IRQHandler                 0x08002b5f   Thumb Code     0  startup_stm32f10x_hd.o(.text)
    DMA1_Channel3_IRQHandler                 0x08002b5f   Thumb Code     0  startup_stm32f10x_hd.o(.text)
    DMA1_Channel4_IRQHandler                 0x08002b5f   Thumb Code     0  startup_stm32f10x_hd.o(.text)
    DMA1_Channel5_IRQHandler                 0x08002b5f   Thumb Code     0  startup_stm32f10x_hd.o(.text)
    DMA1_Channel6_IRQHandler                 0x08002b5f   Thumb Code     0  startup_stm32f10x_hd.o(.text)
    DMA1_Channel7_IRQHandler                 0x08002b5f   Thumb Code     0  startup_stm32f10x_hd.o(.text)
    DMA2_Channel1_IRQHandler                 0x08002b5f   Thumb Code     0  startup_stm32f10x_hd.o(.text)
    DMA2_Channel2_IRQHandler                 0x08002b5f   Thumb Code     0  startup_stm32f10x_hd.o(.text)
    DMA2_Channel3_IRQHandler                 0x08002b5f   Thumb Code     0  startup_stm32f10x_hd.o(.text)
    DMA2_Channel4_5_IRQHandler               0x08002b5f   Thumb Code     0  startup_stm32f10x_hd.o(.text)
    EXTI0_IRQHandler                         0x08002b5f   Thumb Code     0  startup_stm32f10x_hd.o(.text)
    EXTI15_10_IRQHandler                     0x08002b5f   Thumb Code     0  startup_stm32f10x_hd.o(.text)
    EXTI1_IRQHandler                         0x08002b5f   Thumb Code     0  startup_stm32f10x_hd.o(.text)
    EXTI2_IRQHandler                         0x08002b5f   Thumb Code     0  startup_stm32f10x_hd.o(.text)
    EXTI3_IRQHandler                         0x08002b5f   Thumb Code     0  startup_stm32f10x_hd.o(.text)
    EXTI4_IRQHandler                         0x08002b5f   Thumb Code     0  startup_stm32f10x_hd.o(.text)
    EXTI9_5_IRQHandler                       0x08002b5f   Thumb Code     0  startup_stm32f10x_hd.o(.text)
    FLASH_IRQHandler                         0x08002b5f   Thumb Code     0  startup_stm32f10x_hd.o(.text)
    FSMC_IRQHandler                          0x08002b5f   Thumb Code     0  startup_stm32f10x_hd.o(.text)
    I2C1_ER_IRQHandler                       0x08002b5f   Thumb Code     0  startup_stm32f10x_hd.o(.text)
    I2C1_EV_IRQHandler                       0x08002b5f   Thumb Code     0  startup_stm32f10x_hd.o(.text)
    I2C2_ER_IRQHandler                       0x08002b5f   Thumb Code     0  startup_stm32f10x_hd.o(.text)
    I2C2_EV_IRQHandler                       0x08002b5f   Thumb Code     0  startup_stm32f10x_hd.o(.text)
    PVD_IRQHandler                           0x08002b5f   Thumb Code     0  startup_stm32f10x_hd.o(.text)
    RCC_IRQHandler                           0x08002b5f   Thumb Code     0  startup_stm32f10x_hd.o(.text)
    RTCAlarm_IRQHandler                      0x08002b5f   Thumb Code     0  startup_stm32f10x_hd.o(.text)
    RTC_IRQHandler                           0x08002b5f   Thumb Code     0  startup_stm32f10x_hd.o(.text)
    SDIO_IRQHandler                          0x08002b5f   Thumb Code     0  startup_stm32f10x_hd.o(.text)
    SPI1_IRQHandler                          0x08002b5f   Thumb Code     0  startup_stm32f10x_hd.o(.text)
    SPI2_IRQHandler                          0x08002b5f   Thumb Code     0  startup_stm32f10x_hd.o(.text)
    SPI3_IRQHandler                          0x08002b5f   Thumb Code     0  startup_stm32f10x_hd.o(.text)
    TAMPER_IRQHandler                        0x08002b5f   Thumb Code     0  startup_stm32f10x_hd.o(.text)
    TIM1_BRK_IRQHandler                      0x08002b5f   Thumb Code     0  startup_stm32f10x_hd.o(.text)
    TIM1_CC_IRQHandler                       0x08002b5f   Thumb Code     0  startup_stm32f10x_hd.o(.text)
    TIM1_TRG_COM_IRQHandler                  0x08002b5f   Thumb Code     0  startup_stm32f10x_hd.o(.text)
    TIM1_UP_IRQHandler                       0x08002b5f   Thumb Code     0  startup_stm32f10x_hd.o(.text)
    TIM5_IRQHandler                          0x08002b5f   Thumb Code     0  startup_stm32f10x_hd.o(.text)
    TIM6_IRQHandler                          0x08002b5f   Thumb Code     0  startup_stm32f10x_hd.o(.text)
    TIM7_IRQHandler                          0x08002b5f   Thumb Code     0  startup_stm32f10x_hd.o(.text)
    TIM8_BRK_IRQHandler                      0x08002b5f   Thumb Code     0  startup_stm32f10x_hd.o(.text)
    TIM8_CC_IRQHandler                       0x08002b5f   Thumb Code     0  startup_stm32f10x_hd.o(.text)
    TIM8_TRG_COM_IRQHandler                  0x08002b5f   Thumb Code     0  startup_stm32f10x_hd.o(.text)
    TIM8_UP_IRQHandler                       0x08002b5f   Thumb Code     0  startup_stm32f10x_hd.o(.text)
    UART4_IRQHandler                         0x08002b5f   Thumb Code     0  startup_stm32f10x_hd.o(.text)
    UART5_IRQHandler                         0x08002b5f   Thumb Code     0  startup_stm32f10x_hd.o(.text)
    USART2_IRQHandler                        0x08002b5f   Thumb Code     0  startup_stm32f10x_hd.o(.text)
    USBWakeUp_IRQHandler                     0x08002b5f   Thumb Code     0  startup_stm32f10x_hd.o(.text)
    USB_HP_CAN1_TX_IRQHandler                0x08002b5f   Thumb Code     0  startup_stm32f10x_hd.o(.text)
    USB_LP_CAN1_RX0_IRQHandler               0x08002b5f   Thumb Code     0  startup_stm32f10x_hd.o(.text)
    WWDG_IRQHandler                          0x08002b5f   Thumb Code     0  startup_stm32f10x_hd.o(.text)
    __user_initial_stackheap                 0x08002b61   Thumb Code     0  startup_stm32f10x_hd.o(.text)
    NVIC_PriorityGroupConfig                 0x08002b85   Thumb Code    10  misc.o(.text)
    NVIC_Init                                0x08002b8f   Thumb Code   100  misc.o(.text)
    NVIC_SetVectorTable                      0x08002bf3   Thumb Code    14  misc.o(.text)
    NVIC_SystemLPConfig                      0x08002c01   Thumb Code    34  misc.o(.text)
    SysTick_CLKSourceConfig                  0x08002c23   Thumb Code    40  misc.o(.text)
    GPIO_DeInit                              0x08002c61   Thumb Code   172  stm32f10x_gpio.o(.text)
    GPIO_AFIODeInit                          0x08002d0d   Thumb Code    20  stm32f10x_gpio.o(.text)
    GPIO_Init                                0x08002d21   Thumb Code   278  stm32f10x_gpio.o(.text)
    GPIO_StructInit                          0x08002e37   Thumb Code    16  stm32f10x_gpio.o(.text)
    GPIO_ReadInputDataBit                    0x08002e47   Thumb Code    18  stm32f10x_gpio.o(.text)
    GPIO_ReadInputData                       0x08002e59   Thumb Code     8  stm32f10x_gpio.o(.text)
    GPIO_ReadOutputDataBit                   0x08002e61   Thumb Code    18  stm32f10x_gpio.o(.text)
    GPIO_ReadOutputData                      0x08002e73   Thumb Code     8  stm32f10x_gpio.o(.text)
    GPIO_SetBits                             0x08002e7b   Thumb Code     4  stm32f10x_gpio.o(.text)
    GPIO_ResetBits                           0x08002e7f   Thumb Code     4  stm32f10x_gpio.o(.text)
    GPIO_WriteBit                            0x08002e83   Thumb Code    10  stm32f10x_gpio.o(.text)
    GPIO_Write                               0x08002e8d   Thumb Code     4  stm32f10x_gpio.o(.text)
    GPIO_PinLockConfig                       0x08002e91   Thumb Code    18  stm32f10x_gpio.o(.text)
    GPIO_EventOutputConfig                   0x08002ea3   Thumb Code    26  stm32f10x_gpio.o(.text)
    GPIO_EventOutputCmd                      0x08002ebd   Thumb Code     6  stm32f10x_gpio.o(.text)
    GPIO_PinRemapConfig                      0x08002ec3   Thumb Code   138  stm32f10x_gpio.o(.text)
    GPIO_EXTILineConfig                      0x08002f4d   Thumb Code    66  stm32f10x_gpio.o(.text)
    GPIO_ETH_MediaInterfaceConfig            0x08002f8f   Thumb Code     8  stm32f10x_gpio.o(.text)
    RCC_DeInit                               0x08002fbd   Thumb Code    64  stm32f10x_rcc.o(.text)
    RCC_HSEConfig                            0x08002ffd   Thumb Code    70  stm32f10x_rcc.o(.text)
    RCC_GetFlagStatus                        0x08003043   Thumb Code    56  stm32f10x_rcc.o(.text)
    RCC_WaitForHSEStartUp                    0x0800307b   Thumb Code    56  stm32f10x_rcc.o(.text)
    RCC_AdjustHSICalibrationValue            0x080030b3   Thumb Code    20  stm32f10x_rcc.o(.text)
    RCC_HSICmd                               0x080030c7   Thumb Code     6  stm32f10x_rcc.o(.text)
    RCC_PLLConfig                            0x080030cd   Thumb Code    24  stm32f10x_rcc.o(.text)
    RCC_PLLCmd                               0x080030e5   Thumb Code     6  stm32f10x_rcc.o(.text)
    RCC_SYSCLKConfig                         0x080030eb   Thumb Code    18  stm32f10x_rcc.o(.text)
    RCC_GetSYSCLKSource                      0x080030fd   Thumb Code    10  stm32f10x_rcc.o(.text)
    RCC_HCLKConfig                           0x08003107   Thumb Code    18  stm32f10x_rcc.o(.text)
    RCC_PCLK1Config                          0x08003119   Thumb Code    18  stm32f10x_rcc.o(.text)
    RCC_PCLK2Config                          0x0800312b   Thumb Code    20  stm32f10x_rcc.o(.text)
    RCC_ITConfig                             0x0800313f   Thumb Code    26  stm32f10x_rcc.o(.text)
    RCC_USBCLKConfig                         0x08003159   Thumb Code     8  stm32f10x_rcc.o(.text)
    RCC_ADCCLKConfig                         0x08003161   Thumb Code    18  stm32f10x_rcc.o(.text)
    RCC_LSEConfig                            0x08003173   Thumb Code    50  stm32f10x_rcc.o(.text)
    RCC_LSICmd                               0x080031a5   Thumb Code     6  stm32f10x_rcc.o(.text)
    RCC_RTCCLKConfig                         0x080031ab   Thumb Code    12  stm32f10x_rcc.o(.text)
    RCC_RTCCLKCmd                            0x080031b7   Thumb Code     8  stm32f10x_rcc.o(.text)
    RCC_GetClocksFreq                        0x080031bf   Thumb Code   192  stm32f10x_rcc.o(.text)
    RCC_AHBPeriphClockCmd                    0x0800327f   Thumb Code    26  stm32f10x_rcc.o(.text)
    RCC_APB2PeriphClockCmd                   0x08003299   Thumb Code    26  stm32f10x_rcc.o(.text)
    RCC_APB1PeriphClockCmd                   0x080032b3   Thumb Code    26  stm32f10x_rcc.o(.text)
    RCC_APB2PeriphResetCmd                   0x080032cd   Thumb Code    26  stm32f10x_rcc.o(.text)
    RCC_APB1PeriphResetCmd                   0x080032e7   Thumb Code    26  stm32f10x_rcc.o(.text)
    RCC_BackupResetCmd                       0x08003301   Thumb Code     8  stm32f10x_rcc.o(.text)
    RCC_ClockSecuritySystemCmd               0x08003309   Thumb Code     6  stm32f10x_rcc.o(.text)
    RCC_MCOConfig                            0x0800330f   Thumb Code     6  stm32f10x_rcc.o(.text)
    RCC_ClearFlag                            0x08003315   Thumb Code    14  stm32f10x_rcc.o(.text)
    RCC_GetITStatus                          0x08003323   Thumb Code    20  stm32f10x_rcc.o(.text)
    RCC_ClearITPendingBit                    0x08003337   Thumb Code     6  stm32f10x_rcc.o(.text)
    TIM_DeInit                               0x08003361   Thumb Code   424  stm32f10x_tim.o(.text)
    TIM_TimeBaseInit                         0x08003509   Thumb Code   122  stm32f10x_tim.o(.text)
    TIM_OC1Init                              0x08003583   Thumb Code   132  stm32f10x_tim.o(.text)
    TIM_OC2Init                              0x08003607   Thumb Code   154  stm32f10x_tim.o(.text)
    TIM_OC3Init                              0x080036a1   Thumb Code   150  stm32f10x_tim.o(.text)
    TIM_OC4Init                              0x08003737   Thumb Code   182  stm32f10x_tim.o(.text)
    TIM_SetIC4Prescaler                      0x080037ed   Thumb Code    26  stm32f10x_tim.o(.text)
    TIM_SetIC3Prescaler                      0x08003889   Thumb Code    18  stm32f10x_tim.o(.text)
    TIM_SetIC2Prescaler                      0x08003915   Thumb Code    26  stm32f10x_tim.o(.text)
    TIM_SetIC1Prescaler                      0x080039b1   Thumb Code    18  stm32f10x_tim.o(.text)
    TIM_ICInit                               0x08003a2f   Thumb Code   150  stm32f10x_tim.o(.text)
    TIM_PWMIConfig                           0x08003ac5   Thumb Code   124  stm32f10x_tim.o(.text)
    TIM_BDTRConfig                           0x08003b41   Thumb Code    32  stm32f10x_tim.o(.text)
    TIM_TimeBaseStructInit                   0x08003b61   Thumb Code    18  stm32f10x_tim.o(.text)
    TIM_OCStructInit                         0x08003b73   Thumb Code    20  stm32f10x_tim.o(.text)
    TIM_ICStructInit                         0x08003b87   Thumb Code    18  stm32f10x_tim.o(.text)
    TIM_BDTRStructInit                       0x08003b99   Thumb Code    40  stm32f10x_tim.o(.text)
    TIM_Cmd                                  0x08003bc1   Thumb Code    24  stm32f10x_tim.o(.text)
    TIM_CtrlPWMOutputs                       0x08003bd9   Thumb Code    30  stm32f10x_tim.o(.text)
    TIM_ITConfig                             0x08003bf7   Thumb Code    18  stm32f10x_tim.o(.text)
    TIM_GenerateEvent                        0x08003c09   Thumb Code     4  stm32f10x_tim.o(.text)
    TIM_DMAConfig                            0x08003c0d   Thumb Code    10  stm32f10x_tim.o(.text)
    TIM_DMACmd                               0x08003c17   Thumb Code    18  stm32f10x_tim.o(.text)
    TIM_InternalClockConfig                  0x08003c29   Thumb Code    12  stm32f10x_tim.o(.text)
    TIM_SelectInputTrigger                   0x08003c35   Thumb Code    18  stm32f10x_tim.o(.text)
    TIM_ITRxExternalClockConfig              0x08003c47   Thumb Code    24  stm32f10x_tim.o(.text)
    TIM_TIxExternalClockConfig               0x08003c5f   Thumb Code    62  stm32f10x_tim.o(.text)
    TIM_ETRConfig                            0x08003c9d   Thumb Code    28  stm32f10x_tim.o(.text)
    TIM_ETRClockMode1Config                  0x08003cb9   Thumb Code    54  stm32f10x_tim.o(.text)
    TIM_ETRClockMode2Config                  0x08003cef   Thumb Code    32  stm32f10x_tim.o(.text)
    TIM_PrescalerConfig                      0x08003d0f   Thumb Code     6  stm32f10x_tim.o(.text)
    TIM_CounterModeConfig                    0x08003d15   Thumb Code    18  stm32f10x_tim.o(.text)
    TIM_EncoderInterfaceConfig               0x08003d27   Thumb Code    66  stm32f10x_tim.o(.text)
    TIM_ForcedOC1Config                      0x08003d69   Thumb Code    18  stm32f10x_tim.o(.text)
    TIM_ForcedOC2Config                      0x08003d7b   Thumb Code    26  stm32f10x_tim.o(.text)
    TIM_ForcedOC3Config                      0x08003d95   Thumb Code    18  stm32f10x_tim.o(.text)
    TIM_ForcedOC4Config                      0x08003da7   Thumb Code    26  stm32f10x_tim.o(.text)
    TIM_ARRPreloadConfig                     0x08003dc1   Thumb Code    24  stm32f10x_tim.o(.text)
    TIM_SelectCOM                            0x08003dd9   Thumb Code    24  stm32f10x_tim.o(.text)
    TIM_SelectCCDMA                          0x08003df1   Thumb Code    24  stm32f10x_tim.o(.text)
    TIM_CCPreloadControl                     0x08003e09   Thumb Code    24  stm32f10x_tim.o(.text)
    TIM_OC1PreloadConfig                     0x08003e21   Thumb Code    18  stm32f10x_tim.o(.text)
    TIM_OC2PreloadConfig                     0x08003e33   Thumb Code    26  stm32f10x_tim.o(.text)
    TIM_OC3PreloadConfig                     0x08003e4d   Thumb Code    18  stm32f10x_tim.o(.text)
    TIM_OC4PreloadConfig                     0x08003e5f   Thumb Code    26  stm32f10x_tim.o(.text)
    TIM_OC1FastConfig                        0x08003e79   Thumb Code    18  stm32f10x_tim.o(.text)
    TIM_OC2FastConfig                        0x08003e8b   Thumb Code    26  stm32f10x_tim.o(.text)
    TIM_OC3FastConfig                        0x08003ea5   Thumb Code    18  stm32f10x_tim.o(.text)
    TIM_OC4FastConfig                        0x08003eb7   Thumb Code    26  stm32f10x_tim.o(.text)
    TIM_ClearOC1Ref                          0x08003ed1   Thumb Code    18  stm32f10x_tim.o(.text)
    TIM_ClearOC2Ref                          0x08003ee3   Thumb Code    24  stm32f10x_tim.o(.text)
    TIM_ClearOC3Ref                          0x08003efb   Thumb Code    18  stm32f10x_tim.o(.text)
    TIM_ClearOC4Ref                          0x08003f0d   Thumb Code    24  stm32f10x_tim.o(.text)
    TIM_OC1PolarityConfig                    0x08003f25   Thumb Code    18  stm32f10x_tim.o(.text)
    TIM_OC1NPolarityConfig                   0x08003f37   Thumb Code    18  stm32f10x_tim.o(.text)
    TIM_OC2PolarityConfig                    0x08003f49   Thumb Code    26  stm32f10x_tim.o(.text)
    TIM_OC2NPolarityConfig                   0x08003f63   Thumb Code    26  stm32f10x_tim.o(.text)
    TIM_OC3PolarityConfig                    0x08003f7d   Thumb Code    26  stm32f10x_tim.o(.text)
    TIM_OC3NPolarityConfig                   0x08003f97   Thumb Code    26  stm32f10x_tim.o(.text)
    TIM_OC4PolarityConfig                    0x08003fb1   Thumb Code    26  stm32f10x_tim.o(.text)
    TIM_CCxCmd                               0x08003fcb   Thumb Code    30  stm32f10x_tim.o(.text)
    TIM_CCxNCmd                              0x08003fe9   Thumb Code    30  stm32f10x_tim.o(.text)
    TIM_SelectOCxM                           0x08004007   Thumb Code    82  stm32f10x_tim.o(.text)
    TIM_UpdateDisableConfig                  0x08004059   Thumb Code    24  stm32f10x_tim.o(.text)
    TIM_UpdateRequestConfig                  0x08004071   Thumb Code    24  stm32f10x_tim.o(.text)
    TIM_SelectHallSensor                     0x08004089   Thumb Code    24  stm32f10x_tim.o(.text)
    TIM_SelectOnePulseMode                   0x080040a1   Thumb Code    18  stm32f10x_tim.o(.text)
    TIM_SelectOutputTrigger                  0x080040b3   Thumb Code    18  stm32f10x_tim.o(.text)
    TIM_SelectSlaveMode                      0x080040c5   Thumb Code    18  stm32f10x_tim.o(.text)
    TIM_SelectMasterSlaveMode                0x080040d7   Thumb Code    18  stm32f10x_tim.o(.text)
    TIM_SetCounter                           0x080040e9   Thumb Code     4  stm32f10x_tim.o(.text)
    TIM_SetAutoreload                        0x080040ed   Thumb Code     4  stm32f10x_tim.o(.text)
    TIM_SetCompare1                          0x080040f1   Thumb Code     4  stm32f10x_tim.o(.text)
    TIM_SetCompare2                          0x080040f5   Thumb Code     4  stm32f10x_tim.o(.text)
    TIM_SetCompare3                          0x080040f9   Thumb Code     4  stm32f10x_tim.o(.text)
    TIM_SetCompare4                          0x080040fd   Thumb Code     6  stm32f10x_tim.o(.text)
    TIM_SetClockDivision                     0x08004103   Thumb Code    18  stm32f10x_tim.o(.text)
    TIM_GetCapture1                          0x08004115   Thumb Code     6  stm32f10x_tim.o(.text)
    TIM_GetCapture2                          0x0800411b   Thumb Code     6  stm32f10x_tim.o(.text)
    TIM_GetCapture3                          0x08004121   Thumb Code     6  stm32f10x_tim.o(.text)
    TIM_GetCapture4                          0x08004127   Thumb Code     8  stm32f10x_tim.o(.text)
    TIM_GetCounter                           0x0800412f   Thumb Code     6  stm32f10x_tim.o(.text)
    TIM_GetPrescaler                         0x08004135   Thumb Code     6  stm32f10x_tim.o(.text)
    TIM_GetFlagStatus                        0x0800413b   Thumb Code    18  stm32f10x_tim.o(.text)
    TIM_ClearFlag                            0x0800414d   Thumb Code     6  stm32f10x_tim.o(.text)
    TIM_GetITStatus                          0x08004153   Thumb Code    34  stm32f10x_tim.o(.text)
    TIM_ClearITPendingBit                    0x08004175   Thumb Code     6  stm32f10x_tim.o(.text)
    USART_DeInit                             0x0800417d   Thumb Code   134  stm32f10x_usart.o(.text)
    USART_Init                               0x08004203   Thumb Code   210  stm32f10x_usart.o(.text)
    USART_StructInit                         0x080042d5   Thumb Code    24  stm32f10x_usart.o(.text)
    USART_ClockInit                          0x080042ed   Thumb Code    34  stm32f10x_usart.o(.text)
    USART_ClockStructInit                    0x0800430f   Thumb Code    12  stm32f10x_usart.o(.text)
    USART_Cmd                                0x0800431b   Thumb Code    24  stm32f10x_usart.o(.text)
    USART_ITConfig                           0x08004333   Thumb Code    74  stm32f10x_usart.o(.text)
    USART_DMACmd                             0x0800437d   Thumb Code    18  stm32f10x_usart.o(.text)
    USART_SetAddress                         0x0800438f   Thumb Code    18  stm32f10x_usart.o(.text)
    USART_WakeUpConfig                       0x080043a1   Thumb Code    18  stm32f10x_usart.o(.text)
    USART_ReceiverWakeUpCmd                  0x080043b3   Thumb Code    24  stm32f10x_usart.o(.text)
    USART_LINBreakDetectLengthConfig         0x080043cb   Thumb Code    18  stm32f10x_usart.o(.text)
    USART_LINCmd                             0x080043dd   Thumb Code    24  stm32f10x_usart.o(.text)
    USART_SendData                           0x080043f5   Thumb Code     8  stm32f10x_usart.o(.text)
    USART_ReceiveData                        0x080043fd   Thumb Code    10  stm32f10x_usart.o(.text)
    USART_SendBreak                          0x08004407   Thumb Code    10  stm32f10x_usart.o(.text)
    USART_SetGuardTime                       0x08004411   Thumb Code    16  stm32f10x_usart.o(.text)
    USART_SetPrescaler                       0x08004421   Thumb Code    16  stm32f10x_usart.o(.text)
    USART_SmartCardCmd                       0x08004431   Thumb Code    24  stm32f10x_usart.o(.text)
    USART_SmartCardNACKCmd                   0x08004449   Thumb Code    24  stm32f10x_usart.o(.text)
    USART_HalfDuplexCmd                      0x08004461   Thumb Code    24  stm32f10x_usart.o(.text)
    USART_OverSampling8Cmd                   0x08004479   Thumb Code    22  stm32f10x_usart.o(.text)
    USART_OneBitMethodCmd                    0x0800448f   Thumb Code    24  stm32f10x_usart.o(.text)
    USART_IrDAConfig                         0x080044a7   Thumb Code    18  stm32f10x_usart.o(.text)
    USART_IrDACmd                            0x080044b9   Thumb Code    24  stm32f10x_usart.o(.text)
    USART_GetFlagStatus                      0x080044d1   Thumb Code    26  stm32f10x_usart.o(.text)
    USART_ClearFlag                          0x080044eb   Thumb Code    18  stm32f10x_usart.o(.text)
    USART_GetITStatus                        0x080044fd   Thumb Code    84  stm32f10x_usart.o(.text)
    USART_ClearITPendingBit                  0x08004551   Thumb Code    52  stm32f10x_usart.o(.text)
    RTC_ITConfig                             0x08004585   Thumb Code    26  stm32f10x_rtc.o(.text)
    RTC_EnterConfigMode                      0x0800459f   Thumb Code    18  stm32f10x_rtc.o(.text)
    RTC_ExitConfigMode                       0x080045b1   Thumb Code    20  stm32f10x_rtc.o(.text)
    RTC_GetCounter                           0x080045c5   Thumb Code    18  stm32f10x_rtc.o(.text)
    RTC_SetCounter                           0x080045d7   Thumb Code    26  stm32f10x_rtc.o(.text)
    RTC_SetPrescaler                         0x080045f1   Thumb Code    28  stm32f10x_rtc.o(.text)
    RTC_SetAlarm                             0x0800460d   Thumb Code    26  stm32f10x_rtc.o(.text)
    RTC_GetDivider                           0x08004627   Thumb Code    22  stm32f10x_rtc.o(.text)
    RTC_WaitForLastTask                      0x0800463d   Thumb Code    18  stm32f10x_rtc.o(.text)
    RTC_WaitForSynchro                       0x0800464f   Thumb Code    36  stm32f10x_rtc.o(.text)
    RTC_GetFlagStatus                        0x08004673   Thumb Code    22  stm32f10x_rtc.o(.text)
    RTC_ClearFlag                            0x08004689   Thumb Code    16  stm32f10x_rtc.o(.text)
    RTC_GetITStatus                          0x08004699   Thumb Code    32  stm32f10x_rtc.o(.text)
    RTC_ClearITPendingBit                    0x080046b9   Thumb Code    16  stm32f10x_rtc.o(.text)
    PWR_DeInit                               0x080046cd   Thumb Code    22  stm32f10x_pwr.o(.text)
    PWR_BackupAccessCmd                      0x080046e3   Thumb Code     6  stm32f10x_pwr.o(.text)
    PWR_PVDCmd                               0x080046e9   Thumb Code     6  stm32f10x_pwr.o(.text)
    PWR_PVDLevelConfig                       0x080046ef   Thumb Code    18  stm32f10x_pwr.o(.text)
    PWR_WakeUpPinCmd                         0x08004701   Thumb Code     8  stm32f10x_pwr.o(.text)
    PWR_EnterSTOPMode                        0x08004709   Thumb Code    54  stm32f10x_pwr.o(.text)
    PWR_EnterSTANDBYMode                     0x0800473f   Thumb Code    42  stm32f10x_pwr.o(.text)
    PWR_GetFlagStatus                        0x08004769   Thumb Code    20  stm32f10x_pwr.o(.text)
    PWR_ClearFlag                            0x0800477d   Thumb Code    14  stm32f10x_pwr.o(.text)
    gizwitsEventProcess                      0x08004799   Thumb Code   280  gizwits_product.o(.text)
    gizTimerMs                               0x080048b1   Thumb Code    12  gizwits_product.o(.text)
    gizGetTimerCount                         0x080048bd   Thumb Code     6  gizwits_product.o(.text)
    mcuRestart                               0x080048c3   Thumb Code    38  gizwits_product.o(.text)
    TIMER_IRQ_FUN                            0x080048e9   Thumb Code     8  gizwits_product.o(.text)
    UART_IRQ_FUN                             0x080048f1   Thumb Code    16  gizwits_product.o(.text)
    uartWrite                                0x08004901   Thumb Code    88  gizwits_product.o(.text)
    gizPutData                               0x08004a39   Thumb Code    52  gizwits_protocol.o(.text)
    gizwitsInit                              0x08005ce1   Thumb Code    46  gizwits_protocol.o(.text)
    gizwitsSetMode                           0x08005d0f   Thumb Code   604  gizwits_protocol.o(.text)
    gizwitsGetNTP                            0x08005f6b   Thumb Code   310  gizwits_protocol.o(.text)
    gizwitsGetModuleInfo                     0x080060a1   Thumb Code   100  gizwits_protocol.o(.text)
    gizwitsHandle                            0x08006149   Thumb Code   536  gizwits_protocol.o(.text)
    gizwitsPassthroughData                   0x08006361   Thumb Code   168  gizwits_protocol.o(.text)
    gizProtocolSum                           0x08006559   Thumb Code    38  common.o(.text)
    exchangeBytes                            0x0800657f   Thumb Code    26  common.o(.text)
    exchangeWord                             0x08006599   Thumb Code    26  common.o(.text)
    char2hex                                 0x080065b3   Thumb Code   106  common.o(.text)
    checkStringIsNotZero                     0x0800661d   Thumb Code    46  common.o(.text)
    returnWeekDay                            0x0800664b   Thumb Code   156  common.o(.text)
    returnNtp2Wt                             0x08006733   Thumb Code   274  common.o(.text)
    str2Hex                                  0x08006845   Thumb Code    80  common.o(.text)
    hex2Str                                  0x08006895   Thumb Code    82  common.o(.text)
    gizByteOrderExchange                     0x080068f1   Thumb Code    50  datapointtools.o(.text)
    gizY2X                                   0x08006923   Thumb Code    14  datapointtools.o(.text)
    gizX2Y                                   0x08006931   Thumb Code    12  datapointtools.o(.text)
    gizY2XFloat                              0x0800693d   Thumb Code    42  datapointtools.o(.text)
    gizX2YFloat                              0x08006967   Thumb Code    42  datapointtools.o(.text)
    gizAcrossByteJudge                       0x08006991   Thumb Code    42  datapointtools.o(.text)
    gizVarlenCompressValue                   0x080069bb   Thumb Code   124  datapointtools.o(.text)
    gizVarlenDecompressionValue              0x08006a37   Thumb Code   196  datapointtools.o(.text)
    gizStandardDecompressionValue            0x08006afb   Thumb Code   194  datapointtools.o(.text)
    gizStandardCompressValue                 0x08006bbd   Thumb Code   128  datapointtools.o(.text)
    rbCreate                                 0x08006c3d   Thumb Code    22  ringbuffer.o(.text)
    rbDelete                                 0x08006c53   Thumb Code    24  ringbuffer.o(.text)
    rbCapacity                               0x08006c6b   Thumb Code    14  ringbuffer.o(.text)
    rbCanRead                                0x08006c79   Thumb Code    56  ringbuffer.o(.text)
    rbCanWrite                               0x08006cb1   Thumb Code    30  ringbuffer.o(.text)
    rbRead                                   0x08006ccf   Thumb Code   162  ringbuffer.o(.text)
    rbWrite                                  0x08006d71   Thumb Code   154  ringbuffer.o(.text)
    delay_init                               0x08006e0d   Thumb Code    86  delay.o(.text)
    naefjm_delay_init                        0x08006e63   Thumb Code    56  delay.o(.text)
    delay_us                                 0x08006e9b   Thumb Code    72  delay.o(.text)
    delay_ms                                 0x08006ee3   Thumb Code    72  delay.o(.text)
    GUI_DrawFont17                           0x08006f41   Thumb Code   288  stm32f10x.o(.text)
    display_message                          0x08007061   Thumb Code   616  stm32f10x.o(.text)
    Get_flashInfo                            0x080072c9   Thumb Code   390  stm32f10x.o(.text)
    OLED_ONONE_SHOW                          0x0800744f   Thumb Code    54  stm32f10x.o(.text)
    OLED_ONTOW_SHOW                          0x08007485   Thumb Code    54  stm32f10x.o(.text)
    progress_bar                             0x080074bb   Thumb Code    82  stm32f10x.o(.text)
    Moving_progress_bar                      0x0800750d   Thumb Code   264  stm32f10x.o(.text)
    Display_advance                          0x08007615   Thumb Code    94  stm32f10x.o(.text)
    Select_object                            0x08007673   Thumb Code    96  stm32f10x.o(.text)
    set_sysmode                              0x080076d3   Thumb Code   136  stm32f10x.o(.text)
    GetTick                                  0x0800778d   Thumb Code    72  lrtc .o(.text)
    Datalimt_sfm                             0x080077d5   Thumb Code    76  lrtc .o(.text)
    Get_Time_Lib                             0x08007821   Thumb Code    62  lrtc .o(.text)
    display_runtime                          0x0800785f   Thumb Code    94  lrtc .o(.text)
    TimeToTick_Lib                           0x080078bd   Thumb Code    40  lrtc .o(.text)
    Get_TickToTime                           0x080078e5   Thumb Code    62  lrtc .o(.text)
    Dtimelen_tick                            0x08007923   Thumb Code   100  lrtc .o(.text)
    Data_limt                                0x08007987   Thumb Code    50  lrtc .o(.text)
    LIB_BUJ_COUNT                            0x080079f5   Thumb Code    56  lbuj.o(.text)
    LIB_BUJ_MCOUNT                           0x08007a2d   Thumb Code    46  lbuj.o(.text)
    OLED_DISPLAY1                            0x08007a61   Thumb Code   922  lsysset .o(.text)
    OLED_DISPLAY2                            0x08007dfb   Thumb Code  1046  lsysset .o(.text)
    OLED_DISPLAY3                            0x08008211   Thumb Code  1052  lsysset .o(.text)
    OLED_XShowChar                           0x08008635   Thumb Code   218  xoled.o(.text)
    OLED_XShowString                         0x0800870f   Thumb Code    62  xoled.o(.text)
    OLED_XShowNumber                         0x0800874d   Thumb Code   146  xoled.o(.text)
    GUI_XDrawFont16                          0x080087df   Thumb Code   194  xoled.o(.text)
    __use_no_semihosting                     0x080088b1   Thumb Code     2  use_no_semi_2.o(.text)
    toupper                                  0x080088b3   Thumb Code    30  toupper.o(.text)
    __2printf                                0x080088d1   Thumb Code    20  noretval__2printf.o(.text)
    __2sprintf                               0x080088e9   Thumb Code    34  noretval__2sprintf.o(.text)
    _printf_pre_padding                      0x08008911   Thumb Code    44  _printf_pad.o(.text)
    _printf_post_padding                     0x0800893d   Thumb Code    34  _printf_pad.o(.text)
    _printf_str                              0x0800895f   Thumb Code    82  _printf_str.o(.text)
    _printf_int_dec                          0x080089b1   Thumb Code   104  _printf_dec.o(.text)
    _printf_int_hex                          0x08008a29   Thumb Code    84  _printf_hex_int.o(.text)
    _printf_longlong_hex                     0x08008a29   Thumb Code     0  _printf_hex_int.o(.text)
    __printf                                 0x08008a81   Thumb Code   308  __printf_flags_wp.o(.text)
    atoi                                     0x08008bb9   Thumb Code    26  atoi.o(.text)
    strlen                                   0x08008bd3   Thumb Code    62  strlen.o(.text)
    __aeabi_memcpy                           0x08008c11   Thumb Code     0  rt_memcpy_v6.o(.text)
    __rt_memcpy                              0x08008c11   Thumb Code   138  rt_memcpy_v6.o(.text)
    _memcpy_lastbytes                        0x08008c77   Thumb Code     0  rt_memcpy_v6.o(.text)
    __aeabi_memcpy4                          0x08008c9b   Thumb Code     0  rt_memcpy_w.o(.text)
    __aeabi_memcpy8                          0x08008c9b   Thumb Code     0  rt_memcpy_w.o(.text)
    __rt_memcpy_w                            0x08008c9b   Thumb Code   100  rt_memcpy_w.o(.text)
    _memcpy_lastbytes_aligned                0x08008ce3   Thumb Code     0  rt_memcpy_w.o(.text)
    __aeabi_memclr                           0x08008cff   Thumb Code     0  rt_memclr.o(.text)
    __rt_memclr                              0x08008cff   Thumb Code    68  rt_memclr.o(.text)
    _memset                                  0x08008d03   Thumb Code     0  rt_memclr.o(.text)
    __aeabi_memclr4                          0x08008d43   Thumb Code     0  rt_memclr_w.o(.text)
    __aeabi_memclr8                          0x08008d43   Thumb Code     0  rt_memclr_w.o(.text)
    __rt_memclr_w                            0x08008d43   Thumb Code    78  rt_memclr_w.o(.text)
    _memset_w                                0x08008d47   Thumb Code     0  rt_memclr_w.o(.text)
    mktime                                   0x08008dcf   Thumb Code   352  mktime.o(.text)
    __use_two_region_memory                  0x08008f39   Thumb Code     2  heapauxi.o(.text)
    __rt_heap_escrow$2region                 0x08008f3b   Thumb Code     2  heapauxi.o(.text)
    __rt_heap_expand$2region                 0x08008f3d   Thumb Code     2  heapauxi.o(.text)
    __I$use$semihosting                      0x08008f3f   Thumb Code     0  use_no_semi.o(.text)
    __use_no_semihosting_swi                 0x08008f3f   Thumb Code     2  use_no_semi.o(.text)
    __rt_ctype_table                         0x08008f41   Thumb Code    16  rt_ctype_table.o(.text)
    __aeabi_errno_addr                       0x08008f51   Thumb Code     8  rt_errno_addr_intlibspace.o(.text)
    __errno$intlibspace                      0x08008f51   Thumb Code     0  rt_errno_addr_intlibspace.o(.text)
    __rt_errno_addr$intlibspace              0x08008f51   Thumb Code     0  rt_errno_addr_intlibspace.o(.text)
    __read_errno                             0x08008f59   Thumb Code    10  _rserrno.o(.text)
    __set_errno                              0x08008f63   Thumb Code    12  _rserrno.o(.text)
    _printf_int_common                       0x08008f6f   Thumb Code   178  _printf_intcommon.o(.text)
    _printf_char_common                      0x0800902b   Thumb Code    32  _printf_char_common.o(.text)
    _sputc                                   0x08009051   Thumb Code    10  _sputc.o(.text)
    _printf_cs_common                        0x0800905b   Thumb Code    20  _printf_char.o(.text)
    _printf_char                             0x0800906f   Thumb Code    16  _printf_char.o(.text)
    _printf_string                           0x0800907f   Thumb Code     8  _printf_char.o(.text)
    _printf_char_file                        0x08009089   Thumb Code    32  _printf_char_file.o(.text)
    strtol                                   0x080090ad   Thumb Code   112  strtol.o(.text)
    __user_libspace                          0x0800911d   Thumb Code     8  libspace.o(.text)
    __user_perproc_libspace                  0x0800911d   Thumb Code     0  libspace.o(.text)
    __user_perthread_libspace                0x0800911d   Thumb Code     0  libspace.o(.text)
    __rt_locale                              0x08009125   Thumb Code     8  rt_locale_intlibspace.o(.text)
    _strtoul                                 0x0800912d   Thumb Code   158  _strtoul.o(.text)
    ferror                                   0x080091cb   Thumb Code     8  ferror.o(.text)
    __user_setup_stackheap                   0x080091d3   Thumb Code    74  sys_stackheap_outer.o(.text)
    _chval                                   0x0800921d   Thumb Code    28  _chval.o(.text)
    exit                                     0x08009239   Thumb Code    12  exit.o(.text)
    strcmp                                   0x08009245   Thumb Code   128  strcmpv7m.o(.text)
    __ARM_fpclassify                         0x080092c5   Thumb Code    40  fpclassify.o(i.__ARM_fpclassify)
    __kernel_poly                            0x080092ed   Thumb Code   170  poly.o(i.__kernel_poly)
    __mathlib_dbl_divzero                    0x08009399   Thumb Code    12  dunder.o(i.__mathlib_dbl_divzero)
    __mathlib_dbl_infnan2                    0x080093a9   Thumb Code     4  dunder.o(i.__mathlib_dbl_infnan2)
    __mathlib_dbl_invalid                    0x080093ad   Thumb Code    12  dunder.o(i.__mathlib_dbl_invalid)
    __mathlib_dbl_overflow                   0x080093b9   Thumb Code    14  dunder.o(i.__mathlib_dbl_overflow)
    __mathlib_dbl_underflow                  0x080093c9   Thumb Code    10  dunder.o(i.__mathlib_dbl_underflow)
    _is_digit                                0x080093d9   Thumb Code    14  __printf_wp.o(i._is_digit)
    pow                                      0x080093e9   Thumb Code  2478  pow.o(i.pow)
    sqrt                                     0x08009da1   Thumb Code    76  sqrt.o(i.sqrt)
    _get_lc_ctype                            0x08009ded   Thumb Code    44  lc_ctype_c.o(locale$$code)
    __aeabi_d2f                              0x08009e19   Thumb Code     0  d2f.o(x$fpl$d2f)
    _d2f                                     0x08009e19   Thumb Code    98  d2f.o(x$fpl$d2f)
    __aeabi_dadd                             0x08009e7d   Thumb Code     0  daddsub_clz.o(x$fpl$dadd)
    _dadd                                    0x08009e7d   Thumb Code   332  daddsub_clz.o(x$fpl$dadd)
    __fpl_dcheck_NaN1                        0x08009fcd   Thumb Code    10  dcheck1.o(x$fpl$dcheck1)
    __fpl_dcmp_Inf                           0x08009fdd   Thumb Code    24  dcmpi.o(x$fpl$dcmpinf)
    __aeabi_ddiv                             0x08009ff5   Thumb Code     0  ddiv.o(x$fpl$ddiv)
    _ddiv                                    0x08009ff5   Thumb Code   552  ddiv.o(x$fpl$ddiv)
    __aeabi_d2iz                             0x0800a2a5   Thumb Code     0  dfix.o(x$fpl$dfix)
    _dfix                                    0x0800a2a5   Thumb Code    94  dfix.o(x$fpl$dfix)
    __aeabi_d2uiz                            0x0800a305   Thumb Code     0  dfixu.o(x$fpl$dfixu)
    _dfixu                                   0x0800a305   Thumb Code    90  dfixu.o(x$fpl$dfixu)
    __aeabi_i2d                              0x0800a35f   Thumb Code     0  dflt_clz.o(x$fpl$dflt)
    _dflt                                    0x0800a35f   Thumb Code    46  dflt_clz.o(x$fpl$dflt)
    __aeabi_ui2d                             0x0800a38d   Thumb Code     0  dflt_clz.o(x$fpl$dfltu)
    _dfltu                                   0x0800a38d   Thumb Code    38  dflt_clz.o(x$fpl$dfltu)
    __aeabi_cdcmple                          0x0800a3b5   Thumb Code     0  dleqf.o(x$fpl$dleqf)
    _dcmple                                  0x0800a3b5   Thumb Code   120  dleqf.o(x$fpl$dleqf)
    __fpl_dcmple_InfNaN                      0x0800a417   Thumb Code     0  dleqf.o(x$fpl$dleqf)
    __aeabi_dmul                             0x0800a42d   Thumb Code     0  dmul.o(x$fpl$dmul)
    _dmul                                    0x0800a42d   Thumb Code   332  dmul.o(x$fpl$dmul)
    __fpl_dnaninf                            0x0800a581   Thumb Code   156  dnaninf.o(x$fpl$dnaninf)
    __fpl_dretinf                            0x0800a61d   Thumb Code    12  dretinf.o(x$fpl$dretinf)
    __aeabi_cdrcmple                         0x0800a629   Thumb Code     0  drleqf.o(x$fpl$drleqf)
    _drcmple                                 0x0800a629   Thumb Code   108  drleqf.o(x$fpl$drleqf)
    __aeabi_drsub                            0x0800a695   Thumb Code     0  daddsub_clz.o(x$fpl$drsb)
    _drsb                                    0x0800a695   Thumb Code    22  daddsub_clz.o(x$fpl$drsb)
    _dsqrt                                   0x0800a6ad   Thumb Code   456  dsqrt_noumaal.o(x$fpl$dsqrt)
    __aeabi_dsub                             0x0800a879   Thumb Code     0  daddsub_clz.o(x$fpl$dsub)
    _dsub                                    0x0800a879   Thumb Code   464  daddsub_clz.o(x$fpl$dsub)
    __aeabi_fadd                             0x0800aa4d   Thumb Code     0  faddsub_clz.o(x$fpl$fadd)
    _fadd                                    0x0800aa4d   Thumb Code   196  faddsub_clz.o(x$fpl$fadd)
    __aeabi_fdiv                             0x0800ab11   Thumb Code     0  fdiv.o(x$fpl$fdiv)
    _fdiv                                    0x0800ab11   Thumb Code   384  fdiv.o(x$fpl$fdiv)
    __aeabi_f2iz                             0x0800ac95   Thumb Code     0  ffix.o(x$fpl$ffix)
    _ffix                                    0x0800ac95   Thumb Code    54  ffix.o(x$fpl$ffix)
    __aeabi_f2uiz                            0x0800accd   Thumb Code     0  ffixu.o(x$fpl$ffixu)
    _ffixu                                   0x0800accd   Thumb Code    62  ffixu.o(x$fpl$ffixu)
    __aeabi_ui2f                             0x0800ad0d   Thumb Code     0  fflt_clz.o(x$fpl$ffltu)
    _ffltu                                   0x0800ad0d   Thumb Code    38  fflt_clz.o(x$fpl$ffltu)
    __aeabi_fmul                             0x0800ad35   Thumb Code     0  fmul.o(x$fpl$fmul)
    _fmul                                    0x0800ad35   Thumb Code   258  fmul.o(x$fpl$fmul)
    __fpl_fnaninf                            0x0800ae37   Thumb Code   140  fnaninf.o(x$fpl$fnaninf)
    __fpl_fretinf                            0x0800aec3   Thumb Code    10  fretinf.o(x$fpl$fretinf)
    __aeabi_fsub                             0x0800aecd   Thumb Code     0  faddsub_clz.o(x$fpl$fsub)
    _fsub                                    0x0800aecd   Thumb Code   234  faddsub_clz.o(x$fpl$fsub)
    __fpl_return_NaN                         0x0800afb7   Thumb Code   100  retnan.o(x$fpl$retnan)
    __ARM_scalbn                             0x0800b01b   Thumb Code    92  scalbn.o(x$fpl$scalbn)
    __fpl_cmpreturn                          0x0800b077   Thumb Code    48  trapv.o(x$fpl$trapveneer)
    F6x8                                     0x0800b0a6   Data         552  oled.o(.constdata)
    __I$use$fp                               0x0800b0a6   Number         0  usenofp.o(x$fpl$usenofp)
    F8X16                                    0x0800b2ce   Data        1536  oled.o(.constdata)
    TS8X16                                   0x0800b8ce   Data         160  oled.o(.constdata)
    tfont16                                  0x0800b96e   Data        2414  oled.o(.constdata)
    table_week                               0x0800c2dc   Data          12  stime.o(.constdata)
    mon_table                                0x0800c2e8   Data          12  stime.o(.constdata)
    tfont                                    0x0800c324   Data        1020  stm32f10x.o(.constdata)
    Left                                     0x0800c720   Data           1  stm32f10x.o(.constdata)
    right                                    0x0800c721   Data           1  stm32f10x.o(.constdata)
    _monlen                                  0x0800c7e8   Data          12  _monlen.o(.constdata)
    __mathlib_zero                           0x0800c7f8   Data           8  qnan.o(.constdata)
    Region$$Table$$Base                      0x0800c868   Number         0  anon$$obj.o(Region$$Table)
    Region$$Table$$Limit                     0x0800c888   Number         0  anon$$obj.o(Region$$Table)
    __ctype                                  0x0800c895   Data           0  lc_ctype_c.o(locale$$data)
    sys_mode                                 0x20000000   Data           1  main.o(.data)
    app_mode                                 0x20000001   Data           1  main.o(.data)
    time1_flag                               0x20000002   Data           1  main.o(.data)
    time2_flag                               0x20000003   Data           1  main.o(.data)
    time3_flag                               0x20000004   Data           1  main.o(.data)
    time4_flag                               0x20000005   Data           1  main.o(.data)
    yybb_flag                                0x20000006   Data           1  main.o(.data)
    toufg_flag                               0x20000007   Data           1  main.o(.data)
    allfood                                  0x20000008   Data           2  main.o(.data)
    onefood                                  0x2000000a   Data           2  main.o(.data)
    yfood                                    0x2000000c   Data           2  main.o(.data)
    Weight_Shiwu                             0x2000000e   Data           2  main.o(.data)
    distance                                 0x20000010   Data           2  main.o(.data)
    Y_SHUL                                   0x20000012   Data           2  main.o(.data)
    WIFI_flag                                0x20000014   Data           1  main.o(.data)
    SystemCoreClock                          0x20000018   Data           4  system_stm32f10x.o(.data)
    AHBPrescTable                            0x2000001c   Data          16  system_stm32f10x.o(.data)
    Key_Value                                0x2000002c   Data           1  key.o(.data)
    Hzk                                      0x2000002e   Data          64  oled.o(.data)
    XHZnum                                   0x2000006e   Data           1  oled.o(.data)
    BUJ_Mode                                 0x20000070   Data           1  buj.o(.data)
    BUJ_CONTROL                              0x20000071   Data           1  buj.o(.data)
    BUJ_COUNT                                0x20000074   Data           4  buj.o(.data)
    times                                    0x20000078   Data           2  buj.o(.data)
    NOW_timestamp                            0x2000007c   Data           4  stime.o(.data)
    D1_timestamp                             0x20000080   Data           4  stime.o(.data)
    D2_timestamp                             0x20000084   Data           4  stime.o(.data)
    D3_timestamp                             0x20000088   Data           4  stime.o(.data)
    D4_timestamp                             0x2000008c   Data           4  stime.o(.data)
    LN_time                                  0x20000090   Data          48  stime.o(.data)
    D_time                                   0x200000c0   Data          24  stime.o(.data)
    Systime                                  0x200000d8   Data          12  stime.o(.data)
    null                                     0x200000ec   Data           2  sysset.o(.data)
    sysmode_str                              0x200000f0   Data          16  sysset.o(.data)
    Data                                     0x20000100   Data          24  sysset.o(.data)
    Change                                   0x20000118   Data          12  sysset.o(.data)
    display_str                              0x20000124   Data          24  sysset.o(.data)
    obj                                      0x2000013c   Data           2  sysset.o(.data)
    start                                    0x2000013e   Data           2  sysset.o(.data)
    hx711_wg                                 0x20000140   Data           8  hx711.o(.data)
    hx711_buffer                             0x20000148   Data           8  hx711.o(.data)
    weight_maopi                             0x20000150   Data           8  hx711.o(.data)
    weight_shiwu                             0x20000158   Data           8  hx711.o(.data)
    am                                       0x20000160   Data           4  hx711.o(.data)
    a                                        0x20000168   Data           8  hx711.o(.data)
    b                                        0x20000170   Data           8  hx711.o(.data)
    time_stamp                               0x20000178   Data           4  dtime.o(.data)
    hc_05_distance                           0x20000184   Data           4  hc05.o(.data)
    TIM2CH1_CAPTURE_STA                      0x20000188   Data           1  hc05.o(.data)
    TIM2CH1_CAPTURE_VAL                      0x2000018a   Data           2  hc05.o(.data)
    JM_TIME                                  0x2000018c   Data          12  sys.o(.data)
    UR_TIME                                  0x20000198   Data           1  sys.o(.data)
    According                                0x20000199   Data           1  sys.o(.data)
    serialportoutput                         0x2000019a   Data           1  sys.o(.data)
    STM32_f10x                               0x2000019c   Data          12  sys.o(.data)
    STM32_f10x12X                            0x200001a8   Data          12  sys.o(.data)
    __stdout                                 0x200001b4   Data           4  usart.o(.data)
    USART_RX_STA                             0x200001b8   Data           2  usart.o(.data)
    Idok_Flag                                0x200001e8   Data           1  stm32f10x.o(.data)
    JM_ID                                    0x200001e9   Data           3  stm32f10x.o(.data)
    currentDataPoint                         0x200001f4   Data          16  main.o(.bss)
    buff                                     0x20000204   Data          30  main.o(.bss)
    OLED_GRAM                                0x20000222   Data        1024  oled.o(.bss)
    calendar                                 0x20000622   Data          10  stime.o(.bss)
    rtc_timebuff                             0x2000062c   Data          20  stime.o(.bss)
    TIM2_ICInitStructure                     0x20000640   Data          10  hc05.o(.bss)
    gizwitsProtocol                          0x2000064a   Data         290  gizwits_protocol.o(.bss)
    pRb                                      0x2000076c   Data          16  gizwits_protocol.o(.bss)
    Aim_id                                   0x200007ac   Data          12  stm32f10x.o(.bss)
    sysid                                    0x200007b8   Data          12  stm32f10x.o(.bss)
    setid                                    0x200007c4   Data          12  stm32f10x.o(.bss)
    JM_Buff                                  0x200007d0   Data          20  stm32f10x.o(.bss)
    sysset_buff                              0x200007f8   Data          20  lsysset .o(.bss)
    __libspace_start                         0x2000080c   Data          96  libspace.o(.bss)
    __temporary_stack_top$libspace           0x2000086c   Data           0  libspace.o(.bss)



==============================================================================

Memory Map of the image

  Image Entry point : 0x08000131

  Load Region LR_IROM1 (Base: 0x08000000, Size: 0x0000cb8c, Max: 0x00010000, ABSOLUTE, COMPRESSED[0x0000ca68])

    Execution Region ER_IROM1 (Base: 0x08000000, Size: 0x0000c998, Max: 0x00010000, ABSOLUTE)

    Base Addr    Size         Type   Attr      Idx    E Section Name        Object

    0x08000000   0x00000130   Data   RO          564    RESET               startup_stm32f10x_hd.o
    0x08000130   0x00000008   Code   RO         1095  * !!!main             c_w.l(__main.o)
    0x08000138   0x00000034   Code   RO         1410    !!!scatter          c_w.l(__scatter.o)
    0x0800016c   0x0000005a   Code   RO         1408    !!dczerorl2         c_w.l(__dczerorl2.o)
    0x080001c6   0x00000002   PAD
    0x080001c8   0x0000001c   Code   RO         1412    !!handler_zi        c_w.l(__scatter_zi.o)
    0x080001e4   0x00000000   Code   RO         1078    .ARM.Collect$$_printf_percent$$00000000  c_w.l(_printf_percent.o)
    0x080001e4   0x00000006   Code   RO         1077    .ARM.Collect$$_printf_percent$$00000009  c_w.l(_printf_d.o)
    0x080001ea   0x00000006   Code   RO         1076    .ARM.Collect$$_printf_percent$$0000000C  c_w.l(_printf_x.o)
    0x080001f0   0x00000006   Code   RO         1075    .ARM.Collect$$_printf_percent$$00000014  c_w.l(_printf_s.o)
    0x080001f6   0x00000004   Code   RO         1187    .ARM.Collect$$_printf_percent$$00000017  c_w.l(_printf_percent_end.o)
    0x080001fa   0x00000002   Code   RO         1282    .ARM.Collect$$libinit$$00000000  c_w.l(libinit.o)
    0x080001fc   0x00000000   Code   RO         1284    .ARM.Collect$$libinit$$00000002  c_w.l(libinit2.o)
    0x080001fc   0x00000000   Code   RO         1286    .ARM.Collect$$libinit$$00000004  c_w.l(libinit2.o)
    0x080001fc   0x00000000   Code   RO         1289    .ARM.Collect$$libinit$$0000000A  c_w.l(libinit2.o)
    0x080001fc   0x00000000   Code   RO         1291    .ARM.Collect$$libinit$$0000000C  c_w.l(libinit2.o)
    0x080001fc   0x00000000   Code   RO         1293    .ARM.Collect$$libinit$$0000000E  c_w.l(libinit2.o)
    0x080001fc   0x00000006   Code   RO         1294    .ARM.Collect$$libinit$$0000000F  c_w.l(libinit2.o)
    0x08000202   0x00000000   Code   RO         1296    .ARM.Collect$$libinit$$00000011  c_w.l(libinit2.o)
    0x08000202   0x0000000c   Code   RO         1297    .ARM.Collect$$libinit$$00000012  c_w.l(libinit2.o)
    0x0800020e   0x00000000   Code   RO         1298    .ARM.Collect$$libinit$$00000013  c_w.l(libinit2.o)
    0x0800020e   0x00000000   Code   RO         1300    .ARM.Collect$$libinit$$00000015  c_w.l(libinit2.o)
    0x0800020e   0x00000000   Code   RO         1302    .ARM.Collect$$libinit$$00000017  c_w.l(libinit2.o)
    0x0800020e   0x00000000   Code   RO         1304    .ARM.Collect$$libinit$$00000019  c_w.l(libinit2.o)
    0x0800020e   0x00000000   Code   RO         1306    .ARM.Collect$$libinit$$0000001B  c_w.l(libinit2.o)
    0x0800020e   0x00000000   Code   RO         1308    .ARM.Collect$$libinit$$0000001D  c_w.l(libinit2.o)
    0x0800020e   0x00000000   Code   RO         1310    .ARM.Collect$$libinit$$0000001F  c_w.l(libinit2.o)
    0x0800020e   0x00000000   Code   RO         1312    .ARM.Collect$$libinit$$00000021  c_w.l(libinit2.o)
    0x0800020e   0x00000000   Code   RO         1314    .ARM.Collect$$libinit$$00000023  c_w.l(libinit2.o)
    0x0800020e   0x00000000   Code   RO         1316    .ARM.Collect$$libinit$$00000025  c_w.l(libinit2.o)
    0x0800020e   0x00000000   Code   RO         1320    .ARM.Collect$$libinit$$0000002C  c_w.l(libinit2.o)
    0x0800020e   0x00000000   Code   RO         1322    .ARM.Collect$$libinit$$0000002E  c_w.l(libinit2.o)
    0x0800020e   0x00000000   Code   RO         1324    .ARM.Collect$$libinit$$00000030  c_w.l(libinit2.o)
    0x0800020e   0x00000000   Code   RO         1326    .ARM.Collect$$libinit$$00000032  c_w.l(libinit2.o)
    0x0800020e   0x00000002   Code   RO         1327    .ARM.Collect$$libinit$$00000033  c_w.l(libinit2.o)
    0x08000210   0x00000002   Code   RO         1359    .ARM.Collect$$libshutdown$$00000000  c_w.l(libshutdown.o)
    0x08000212   0x00000000   Code   RO         1369    .ARM.Collect$$libshutdown$$00000003  c_w.l(libshutdown2.o)
    0x08000212   0x00000000   Code   RO         1372    .ARM.Collect$$libshutdown$$00000006  c_w.l(libshutdown2.o)
    0x08000212   0x00000000   Code   RO         1375    .ARM.Collect$$libshutdown$$00000009  c_w.l(libshutdown2.o)
    0x08000212   0x00000000   Code   RO         1377    .ARM.Collect$$libshutdown$$0000000B  c_w.l(libshutdown2.o)
    0x08000212   0x00000000   Code   RO         1380    .ARM.Collect$$libshutdown$$0000000E  c_w.l(libshutdown2.o)
    0x08000212   0x00000002   Code   RO         1381    .ARM.Collect$$libshutdown$$0000000F  c_w.l(libshutdown2.o)
    0x08000214   0x00000000   Code   RO         1167    .ARM.Collect$$rtentry$$00000000  c_w.l(__rtentry.o)
    0x08000214   0x00000000   Code   RO         1235    .ARM.Collect$$rtentry$$00000002  c_w.l(__rtentry2.o)
    0x08000214   0x00000006   Code   RO         1247    .ARM.Collect$$rtentry$$00000004  c_w.l(__rtentry4.o)
    0x0800021a   0x00000000   Code   RO         1237    .ARM.Collect$$rtentry$$00000009  c_w.l(__rtentry2.o)
    0x0800021a   0x00000004   Code   RO         1238    .ARM.Collect$$rtentry$$0000000A  c_w.l(__rtentry2.o)
    0x0800021e   0x00000000   Code   RO         1240    .ARM.Collect$$rtentry$$0000000C  c_w.l(__rtentry2.o)
    0x0800021e   0x00000008   Code   RO         1241    .ARM.Collect$$rtentry$$0000000D  c_w.l(__rtentry2.o)
    0x08000226   0x00000002   Code   RO         1330    .ARM.Collect$$rtexit$$00000000  c_w.l(rtexit.o)
    0x08000228   0x00000000   Code   RO         1339    .ARM.Collect$$rtexit$$00000002  c_w.l(rtexit2.o)
    0x08000228   0x00000004   Code   RO         1340    .ARM.Collect$$rtexit$$00000003  c_w.l(rtexit2.o)
    0x0800022c   0x00000006   Code   RO         1341    .ARM.Collect$$rtexit$$00000004  c_w.l(rtexit2.o)
    0x08000232   0x00000002   PAD
    0x08000234   0x00000504   Code   RO            1    .text               main.o
    0x08000738   0x0000001a   Code   RO          184    .text               stm32f10x_it.o
    0x08000752   0x00000002   PAD
    0x08000754   0x000001e0   Code   RO          225    .text               system_stm32f10x.o
    0x08000934   0x0000005c   Code   RO          243    .text               led.o
    0x08000990   0x00000124   Code   RO          255    .text               key.o
    0x08000ab4   0x00000ee4   Code   RO          273    .text               oled.o
    0x08001998   0x000000d0   Code   RO          310    .text               usart3.o
    0x08001a68   0x00000078   Code   RO          326    .text               timer.o
    0x08001ae0   0x000001e0   Code   RO          358    .text               buj.o
    0x08001cc0   0x00000618   Code   RO          380    .text               stime.o
    0x080022d8   0x000000dc   Code   RO          404    .text               sysset.o
    0x080023b4   0x000001a4   Code   RO          429    .text               hx711.o
    0x08002558   0x000001d8   Code   RO          447    .text               jr6001.o
    0x08002730   0x00000108   Code   RO          469    .text               dtime.o
    0x08002838   0x00000234   Code   RO          487    .text               hc05.o
    0x08002a6c   0x000000d8   Code   RO          529    .text               usart.o
    0x08002b44   0x00000040   Code   RO          565    .text               startup_stm32f10x_hd.o
    0x08002b84   0x000000dc   Code   RO          569    .text               misc.o
    0x08002c60   0x0000035c   Code   RO          605    .text               stm32f10x_gpio.o
    0x08002fbc   0x000003a4   Code   RO          617    .text               stm32f10x_rcc.o
    0x08003360   0x00000e1a   Code   RO          631    .text               stm32f10x_tim.o
    0x0800417a   0x00000002   PAD
    0x0800417c   0x00000408   Code   RO          643    .text               stm32f10x_usart.o
    0x08004584   0x00000148   Code   RO          655    .text               stm32f10x_rtc.o
    0x080046cc   0x000000cc   Code   RO          679    .text               stm32f10x_pwr.o
    0x08004798   0x000002a0   Code   RO          703    .text               gizwits_product.o
    0x08004a38   0x00001b20   Code   RO          721    .text               gizwits_protocol.o
    0x08006558   0x00000398   Code   RO          743    .text               common.o
    0x080068f0   0x0000034c   Code   RO          756    .text               datapointtools.o
    0x08006c3c   0x000001ce   Code   RO          768    .text               ringbuffer.o
    0x08006e0a   0x00000002   PAD
    0x08006e0c   0x00000134   Code   RO          780    .text               stm32f10x5_00.lib(delay.o)
    0x08006f40   0x0000084c   Code   RO          906    .text               stm32f10x5_00.lib(stm32f10x.o)
    0x0800778c   0x00000268   Code   RO          949    .text               stm32f10x5_00.lib(lrtc .o)
    0x080079f4   0x0000006c   Code   RO          963    .text               stm32f10x5_00.lib(lbuj.o)
    0x08007a60   0x00000bd4   Code   RO          976    .text               stm32f10x5_00.lib(lsysset .o)
    0x08008634   0x0000027c   Code   RO          999    .text               stm32f10x5_00.lib(xoled.o)
    0x080088b0   0x00000002   Code   RO         1014    .text               c_w.l(use_no_semi_2.o)
    0x080088b2   0x0000001e   Code   RO         1016    .text               c_w.l(toupper.o)
    0x080088d0   0x00000018   Code   RO         1022    .text               c_w.l(noretval__2printf.o)
    0x080088e8   0x00000028   Code   RO         1024    .text               c_w.l(noretval__2sprintf.o)
    0x08008910   0x0000004e   Code   RO         1028    .text               c_w.l(_printf_pad.o)
    0x0800895e   0x00000052   Code   RO         1030    .text               c_w.l(_printf_str.o)
    0x080089b0   0x00000078   Code   RO         1032    .text               c_w.l(_printf_dec.o)
    0x08008a28   0x00000058   Code   RO         1037    .text               c_w.l(_printf_hex_int.o)
    0x08008a80   0x00000138   Code   RO         1067    .text               c_w.l(__printf_flags_wp.o)
    0x08008bb8   0x0000001a   Code   RO         1079    .text               c_w.l(atoi.o)
    0x08008bd2   0x0000003e   Code   RO         1081    .text               c_w.l(strlen.o)
    0x08008c10   0x0000008a   Code   RO         1083    .text               c_w.l(rt_memcpy_v6.o)
    0x08008c9a   0x00000064   Code   RO         1085    .text               c_w.l(rt_memcpy_w.o)
    0x08008cfe   0x00000044   Code   RO         1087    .text               c_w.l(rt_memclr.o)
    0x08008d42   0x0000004e   Code   RO         1089    .text               c_w.l(rt_memclr_w.o)
    0x08008d90   0x000001a8   Code   RO         1091    .text               c_w.l(mktime.o)
    0x08008f38   0x00000006   Code   RO         1093    .text               c_w.l(heapauxi.o)
    0x08008f3e   0x00000002   Code   RO         1165    .text               c_w.l(use_no_semi.o)
    0x08008f40   0x00000010   Code   RO         1168    .text               c_w.l(rt_ctype_table.o)
    0x08008f50   0x00000008   Code   RO         1173    .text               c_w.l(rt_errno_addr_intlibspace.o)
    0x08008f58   0x00000016   Code   RO         1175    .text               c_w.l(_rserrno.o)
    0x08008f6e   0x000000b2   Code   RO         1177    .text               c_w.l(_printf_intcommon.o)
    0x08009020   0x00000030   Code   RO         1179    .text               c_w.l(_printf_char_common.o)
    0x08009050   0x0000000a   Code   RO         1181    .text               c_w.l(_sputc.o)
    0x0800905a   0x0000002c   Code   RO         1183    .text               c_w.l(_printf_char.o)
    0x08009086   0x00000002   PAD
    0x08009088   0x00000024   Code   RO         1185    .text               c_w.l(_printf_char_file.o)
    0x080090ac   0x00000070   Code   RO         1188    .text               c_w.l(strtol.o)
    0x0800911c   0x00000008   Code   RO         1231    .text               c_w.l(libspace.o)
    0x08009124   0x00000008   Code   RO         1252    .text               c_w.l(rt_locale_intlibspace.o)
    0x0800912c   0x0000009e   Code   RO         1256    .text               c_w.l(_strtoul.o)
    0x080091ca   0x00000008   Code   RO         1258    .text               c_w.l(ferror.o)
    0x080091d2   0x0000004a   Code   RO         1269    .text               c_w.l(sys_stackheap_outer.o)
    0x0800921c   0x0000001c   Code   RO         1271    .text               c_w.l(_chval.o)
    0x08009238   0x0000000c   Code   RO         1273    .text               c_w.l(exit.o)
    0x08009244   0x00000080   Code   RO         1275    .text               c_w.l(strcmpv7m.o)
    0x080092c4   0x00000028   Code   RO         1218    i.__ARM_fpclassify  m_ws.l(fpclassify.o)
    0x080092ec   0x000000aa   Code   RO         1220    i.__kernel_poly     m_ws.l(poly.o)
    0x08009396   0x00000002   PAD
    0x08009398   0x00000010   Code   RO         1204    i.__mathlib_dbl_divzero  m_ws.l(dunder.o)
    0x080093a8   0x00000004   Code   RO         1206    i.__mathlib_dbl_infnan2  m_ws.l(dunder.o)
    0x080093ac   0x0000000c   Code   RO         1207    i.__mathlib_dbl_invalid  m_ws.l(dunder.o)
    0x080093b8   0x0000000e   Code   RO         1208    i.__mathlib_dbl_overflow  m_ws.l(dunder.o)
    0x080093c6   0x00000002   PAD
    0x080093c8   0x00000010   Code   RO         1210    i.__mathlib_dbl_underflow  m_ws.l(dunder.o)
    0x080093d8   0x0000000e   Code   RO         1065    i._is_digit         c_w.l(__printf_wp.o)
    0x080093e6   0x00000002   PAD
    0x080093e8   0x000009b8   Code   RO         1156    i.pow               m_ws.l(pow.o)
    0x08009da0   0x0000004c   Code   RO         1224    i.sqrt              m_ws.l(sqrt.o)
    0x08009dec   0x0000002c   Code   RO         1263    locale$$code        c_w.l(lc_ctype_c.o)
    0x08009e18   0x00000062   Code   RO         1097    x$fpl$d2f           fz_ws.l(d2f.o)
    0x08009e7a   0x00000002   PAD
    0x08009e7c   0x00000150   Code   RO         1099    x$fpl$dadd          fz_ws.l(daddsub_clz.o)
    0x08009fcc   0x00000010   Code   RO         1265    x$fpl$dcheck1       fz_ws.l(dcheck1.o)
    0x08009fdc   0x00000018   Code   RO         1191    x$fpl$dcmpinf       fz_ws.l(dcmpi.o)
    0x08009ff4   0x000002b0   Code   RO         1106    x$fpl$ddiv          fz_ws.l(ddiv.o)
    0x0800a2a4   0x0000005e   Code   RO         1109    x$fpl$dfix          fz_ws.l(dfix.o)
    0x0800a302   0x00000002   PAD
    0x0800a304   0x0000005a   Code   RO         1113    x$fpl$dfixu         fz_ws.l(dfixu.o)
    0x0800a35e   0x0000002e   Code   RO         1118    x$fpl$dflt          fz_ws.l(dflt_clz.o)
    0x0800a38c   0x00000026   Code   RO         1117    x$fpl$dfltu         fz_ws.l(dflt_clz.o)
    0x0800a3b2   0x00000002   PAD
    0x0800a3b4   0x00000078   Code   RO         1123    x$fpl$dleqf         fz_ws.l(dleqf.o)
    0x0800a42c   0x00000154   Code   RO         1125    x$fpl$dmul          fz_ws.l(dmul.o)
    0x0800a580   0x0000009c   Code   RO         1193    x$fpl$dnaninf       fz_ws.l(dnaninf.o)
    0x0800a61c   0x0000000c   Code   RO         1195    x$fpl$dretinf       fz_ws.l(dretinf.o)
    0x0800a628   0x0000006c   Code   RO         1127    x$fpl$drleqf        fz_ws.l(drleqf.o)
    0x0800a694   0x00000016   Code   RO         1100    x$fpl$drsb          fz_ws.l(daddsub_clz.o)
    0x0800a6aa   0x00000002   PAD
    0x0800a6ac   0x000001cc   Code   RO         1267    x$fpl$dsqrt         fz_ws.l(dsqrt_noumaal.o)
    0x0800a878   0x000001d4   Code   RO         1101    x$fpl$dsub          fz_ws.l(daddsub_clz.o)
    0x0800aa4c   0x000000c4   Code   RO         1129    x$fpl$fadd          fz_ws.l(faddsub_clz.o)
    0x0800ab10   0x00000184   Code   RO         1136    x$fpl$fdiv          fz_ws.l(fdiv.o)
    0x0800ac94   0x00000036   Code   RO         1139    x$fpl$ffix          fz_ws.l(ffix.o)
    0x0800acca   0x00000002   PAD
    0x0800accc   0x0000003e   Code   RO         1143    x$fpl$ffixu         fz_ws.l(ffixu.o)
    0x0800ad0a   0x00000002   PAD
    0x0800ad0c   0x00000026   Code   RO         1147    x$fpl$ffltu         fz_ws.l(fflt_clz.o)
    0x0800ad32   0x00000002   PAD
    0x0800ad34   0x00000102   Code   RO         1153    x$fpl$fmul          fz_ws.l(fmul.o)
    0x0800ae36   0x0000008c   Code   RO         1197    x$fpl$fnaninf       fz_ws.l(fnaninf.o)
    0x0800aec2   0x0000000a   Code   RO         1199    x$fpl$fretinf       fz_ws.l(fretinf.o)
    0x0800aecc   0x000000ea   Code   RO         1131    x$fpl$fsub          fz_ws.l(faddsub_clz.o)
    0x0800afb6   0x00000064   Code   RO         1328    x$fpl$retnan        fz_ws.l(retnan.o)
    0x0800b01a   0x0000005c   Code   RO         1201    x$fpl$scalbn        fz_ws.l(scalbn.o)
    0x0800b076   0x00000030   Code   RO         1336    x$fpl$trapveneer    fz_ws.l(trapv.o)
    0x0800b0a6   0x00000000   Code   RO         1203    x$fpl$usenofp       fz_ws.l(usenofp.o)
    0x0800b0a6   0x00001236   Data   RO          275    .constdata          oled.o
    0x0800c2dc   0x00000018   Data   RO          382    .constdata          stime.o
    0x0800c2f4   0x00000030   Data   RO          744    .constdata          common.o
    0x0800c324   0x000003fe   Data   RO          908    .constdata          stm32f10x5_00.lib(stm32f10x.o)
    0x0800c722   0x00000028   Data   RO         1038    .constdata          c_w.l(_printf_hex_int.o)
    0x0800c74a   0x00000011   Data   RO         1068    .constdata          c_w.l(__printf_flags_wp.o)
    0x0800c75b   0x00000005   PAD
    0x0800c760   0x00000088   Data   RO         1157    .constdata          m_ws.l(pow.o)
    0x0800c7e8   0x0000000c   Data   RO         1190    .constdata          c_w.l(_monlen.o)
    0x0800c7f4   0x00000004   PAD
    0x0800c7f8   0x00000008   Data   RO         1222    .constdata          m_ws.l(qnan.o)
    0x0800c800   0x00000065   Data   RO          406    .conststring        sysset.o
    0x0800c865   0x00000003   PAD
    0x0800c868   0x00000020   Data   RO         1406    Region$$Table       anon$$obj.o
    0x0800c888   0x00000110   Data   RO         1262    locale$$data        c_w.l(lc_ctype_c.o)


    Execution Region RW_IRAM1 (Base: 0x20000000, Size: 0x00000e70, Max: 0x00005000, ABSOLUTE, COMPRESSED[0x000000d0])

    Base Addr    Size         Type   Attr      Idx    E Section Name        Object

    0x20000000   0x00000016   Data   RW            3    .data               main.o
    0x20000016   0x00000002   PAD
    0x20000018   0x00000014   Data   RW          226    .data               system_stm32f10x.o
    0x2000002c   0x00000002   Data   RW          256    .data               key.o
    0x2000002e   0x00000041   Data   RW          276    .data               oled.o
    0x2000006f   0x00000001   PAD
    0x20000070   0x0000000a   Data   RW          359    .data               buj.o
    0x2000007a   0x00000002   PAD
    0x2000007c   0x0000006f   Data   RW          383    .data               stime.o
    0x200000eb   0x00000001   PAD
    0x200000ec   0x00000054   Data   RW          407    .data               sysset.o
    0x20000140   0x00000038   Data   RW          430    .data               hx711.o
    0x20000178   0x0000000c   Data   RW          470    .data               dtime.o
    0x20000184   0x00000008   Data   RW          489    .data               hc05.o
    0x2000018c   0x00000028   Data   RW          508    .data               sys.o
    0x200001b4   0x00000006   Data   RW          531    .data               usart.o
    0x200001ba   0x00000014   Data   RW          618    .data               stm32f10x_rcc.o
    0x200001ce   0x00000002   PAD
    0x200001d0   0x00000004   Data   RW          704    .data               gizwits_product.o
    0x200001d4   0x00000010   Data   RW          723    .data               gizwits_protocol.o
    0x200001e4   0x00000004   Data   RW          781    .data               stm32f10x5_00.lib(delay.o)
    0x200001e8   0x0000000c   Data   RW          909    .data               stm32f10x5_00.lib(stm32f10x.o)
    0x200001f4   0x0000002e   Zero   RW            2    .bss                main.o
    0x20000222   0x00000400   Zero   RW          274    .bss                oled.o
    0x20000622   0x0000001e   Zero   RW          381    .bss                stime.o
    0x20000640   0x0000000a   Zero   RW          488    .bss                hc05.o
    0x2000064a   0x00000162   Zero   RW          722    .bss                gizwits_protocol.o
    0x200007ac   0x00000038   Zero   RW          907    .bss                stm32f10x5_00.lib(stm32f10x.o)
    0x200007e4   0x00000014   Zero   RW          950    .bss                stm32f10x5_00.lib(lrtc .o)
    0x200007f8   0x00000014   Zero   RW          977    .bss                stm32f10x5_00.lib(lsysset .o)
    0x2000080c   0x00000060   Zero   RW         1232    .bss                c_w.l(libspace.o)
    0x2000086c   0x00000004   PAD
    0x20000870   0x00000200   Zero   RW          563    HEAP                startup_stm32f10x_hd.o
    0x20000a70   0x00000400   Zero   RW          562    STACK               startup_stm32f10x_hd.o


==============================================================================

Image component sizes


      Code (inc. data)   RO Data    RW Data    ZI Data      Debug   Object Name

       480         44          0         10          0       1536   buj.o
       920         10         48          0          0       4169   common.o
       844          0          0          0          0       5170   datapointtools.o
       264         20          0         12          0       1096   dtime.o
       672        244          0          4          0      18149   gizwits_product.o
      6944       2114          0         16        354      11926   gizwits_protocol.o
       564         22          0          8         10       2007   hc05.o
       420         34          0         56          0       1694   hx711.o
       472         66          0          0          0       2273   jr6001.o
       292         12          0          2          0       1184   key.o
        92         16          0          0          0        551   led.o
      1284        206          0         22         46     265029   main.o
       220         22          0          0          0       1901   misc.o
      3812         58       4662         65       1024      12521   oled.o
       462          0          0          0          0       2587   ringbuffer.o
        64         26        304          0       1536        828   startup_stm32f10x_hd.o
      1560        272         24        111         30       4764   stime.o
       860         38          0          0          0       5745   stm32f10x_gpio.o
        26          0          0          0          0       1230   stm32f10x_it.o
       204         14          0          0          0       1967   stm32f10x_pwr.o
       932         36          0         20          0       8968   stm32f10x_rcc.o
       328          4          0          0          0       2718   stm32f10x_rtc.o
      3610         88          0          0          0      22232   stm32f10x_tim.o
      1032         22          0          0          0       8468   stm32f10x_usart.o
         0          0          0         40          0        866   sys.o
       220         36        101         84          0       2114   sysset.o
       480         38          0         20          0       1883   system_stm32f10x.o
       120          4          0          0          0        816   timer.o
       216         10          0          6          0       3238   usart.o
       208          8          0          0          0        908   usart3.o

    ----------------------------------------------------------------------
     27608       3464       5174        484       3000     398538   Object Totals
         0          0         32          0          0          0   (incl. Generated)
         6          0          3          8          0          0   (incl. Padding)

    ----------------------------------------------------------------------

      Code (inc. data)   RO Data    RW Data    ZI Data      Debug   Library Member Name

        90          0          0          0          0          0   __dczerorl2.o
         8          0          0          0          0         68   __main.o
       312          4         17          0          0         92   __printf_flags_wp.o
        14          0          0          0          0         68   __printf_wp.o
         0          0          0          0          0          0   __rtentry.o
        12          0          0          0          0          0   __rtentry2.o
         6          0          0          0          0          0   __rtentry4.o
        52          8          0          0          0          0   __scatter.o
        28          0          0          0          0          0   __scatter_zi.o
        28          0          0          0          0         68   _chval.o
         0          0         12          0          0          0   _monlen.o
        44          0          0          0          0        108   _printf_char.o
        48          6          0          0          0         96   _printf_char_common.o
        36          4          0          0          0         80   _printf_char_file.o
         6          0          0          0          0          0   _printf_d.o
       120         16          0          0          0         92   _printf_dec.o
        88          4         40          0          0         88   _printf_hex_int.o
       178          0          0          0          0         88   _printf_intcommon.o
        78          0          0          0          0        108   _printf_pad.o
         0          0          0          0          0          0   _printf_percent.o
         4          0          0          0          0          0   _printf_percent_end.o
         6          0          0          0          0          0   _printf_s.o
        82          0          0          0          0         80   _printf_str.o
         6          0          0          0          0          0   _printf_x.o
        22          0          0          0          0        100   _rserrno.o
        10          0          0          0          0         68   _sputc.o
       158          0          0          0          0         92   _strtoul.o
        26          0          0          0          0         80   atoi.o
        12          0          0          0          0         72   exit.o
         8          0          0          0          0         68   ferror.o
         6          0          0          0          0        152   heapauxi.o
        44         10        272          0          0         76   lc_ctype_c.o
         2          0          0          0          0          0   libinit.o
        20          0          0          0          0          0   libinit2.o
         2          0          0          0          0          0   libshutdown.o
         2          0          0          0          0          0   libshutdown2.o
         8          4          0          0         96         68   libspace.o
       424         10          0          0          0        124   mktime.o
        24          4          0          0          0         84   noretval__2printf.o
        40          6          0          0          0         84   noretval__2sprintf.o
        16          4          0          0          0         76   rt_ctype_table.o
         8          4          0          0          0         68   rt_errno_addr_intlibspace.o
         8          4          0          0          0         68   rt_locale_intlibspace.o
        68          0          0          0          0         68   rt_memclr.o
        78          0          0          0          0         80   rt_memclr_w.o
       138          0          0          0          0         68   rt_memcpy_v6.o
       100          0          0          0          0         80   rt_memcpy_w.o
         2          0          0          0          0          0   rtexit.o
        10          0          0          0          0          0   rtexit2.o
       128          0          0          0          0         68   strcmpv7m.o
        62          0          0          0          0         76   strlen.o
       112          0          0          0          0         88   strtol.o
        74          0          0          0          0         80   sys_stackheap_outer.o
        30          0          0          0          0         76   toupper.o
         2          0          0          0          0         68   use_no_semi.o
         2          0          0          0          0         68   use_no_semi_2.o
        98          4          0          0          0         92   d2f.o
       826         16          0          0          0        348   daddsub_clz.o
        16          4          0          0          0         68   dcheck1.o
        24          0          0          0          0         68   dcmpi.o
       688        140          0          0          0        208   ddiv.o
        94          4          0          0          0         92   dfix.o
        90          4          0          0          0         92   dfixu.o
        84          0          0          0          0        136   dflt_clz.o
       120          4          0          0          0         92   dleqf.o
       340         12          0          0          0        104   dmul.o
       156          4          0          0          0         92   dnaninf.o
        12          0          0          0          0         68   dretinf.o
       108          0          0          0          0         80   drleqf.o
       460         56          0          0          0        120   dsqrt_noumaal.o
       430          8          0          0          0        168   faddsub_clz.o
       388         76          0          0          0         96   fdiv.o
        54          4          0          0          0         84   ffix.o
        62          4          0          0          0         84   ffixu.o
        38          0          0          0          0         68   fflt_clz.o
       258          4          0          0          0         84   fmul.o
       140          4          0          0          0         84   fnaninf.o
        10          0          0          0          0         68   fretinf.o
       100          0          0          0          0         68   retnan.o
        92          0          0          0          0         68   scalbn.o
        48          0          0          0          0         68   trapv.o
         0          0          0          0          0          0   usenofp.o
        62         10          0          0          0        340   dunder.o
        40          0          0          0          0         68   fpclassify.o
       170          0          0          0          0         96   poly.o
      2488        190        136          0          0        300   pow.o
         0          0          8          0          0          0   qnan.o
        76          0          0          0          0         84   sqrt.o
       308         22          0          4          0     207959   delay.o
       108          6          0          0          0       1399   lbuj.o
       616         60          0          0         20       3506   lrtc .o
      3028         64          0          0         20       3370   lsysset .o
      2124        162       1022         12         56       6842   stm32f10x.o
       636         16          0          0          0       3060   xoled.o

    ----------------------------------------------------------------------
     17310        966       1516         16        196     232760   Library Totals
        26          0          9          0          4          0   (incl. Padding)

    ----------------------------------------------------------------------

      Code (inc. data)   RO Data    RW Data    ZI Data      Debug   Library Name

      2892         88        341          0         96       3136   c_w.l
      4736        348          0          0          0       2600   fz_ws.l
      2836        200        144          0          0        888   m_ws.l
      6820        330       1022         16         96     226136   stm32f10x5_00.lib

    ----------------------------------------------------------------------
     17310        966       1516         16        196     232760   Library Totals

    ----------------------------------------------------------------------

==============================================================================


      Code (inc. data)   RO Data    RW Data    ZI Data      Debug   

     44918       4430       6690        500       3196     624690   Grand Totals
     44918       4430       6690        208       3196     624690   ELF Image Totals (compressed)
     44918       4430       6690        208          0          0   ROM Totals

==============================================================================

    Total RO  Size (Code + RO Data)                51608 (  50.40kB)
    Total RW  Size (RW Data + ZI Data)              3696 (   3.61kB)
    Total ROM Size (Code + RO Data + RW Data)      51816 (  50.60kB)

==============================================================================

